2026-06-20T12:43:46+02:00
Running /home/Jakob.Gerhardt/CLionProjects/Masterarbeit/llvm/llvm/build/release/tools/runtime-specialization/benchmarks/AllBenchmarks
Run on (16 X 2499.9 MHz CPU s)
CPU Caches:
  L1 Data 48 KiB (x8)
  L1 Instruction 32 KiB (x8)
  L2 Unified 1280 KiB (x8)
  L3 Unified 24576 KiB (x1)
Load Average: 10.15, 9.21, 5.81
[CRS-STAT] StaticMutability: fn=_ZN23clangRuntimeSpecializer6detail21__crs_lambda_op_proxyIvZ49create_apply_row_delta_batch_tradeoff_specializedliiiiE3$_0JPKhPdEEET_PT0_DpT1_ examined=5 blocked_escaped=0 blocked_mutated=0 annotated=5
[CRS-STAT] StaticMutability: fn=_ZNSt3__120__shared_ptr_emplaceIN4llvm3orc17ThreadSafeContext5StateENS_9allocatorIS4_EEE16__on_zero_sharedEv examined=1 blocked_escaped=0 blocked_mutated=1 annotated=0
[CRS-STAT] InvariantLoadToConst: fn=specialized_wrapper_0_93825108042544_lambda candidates=5 replaced=5
[CRS-STAT] StaticMutability: fn=_ZNSt3__120__shared_ptr_emplaceIN4llvm3orc17ThreadSafeContext5StateENS_9allocatorIS4_EEE16__on_zero_sharedEv examined=1 blocked_escaped=0 blocked_mutated=1 annotated=0
[CRS-STAT] StaticMutability: fn=_ZNSt3__120__shared_ptr_emplaceIN4llvm3orc17ThreadSafeContext5StateENS_9allocatorIS4_EEE16__on_zero_sharedEv examined=1 blocked_escaped=0 blocked_mutated=1 annotated=0
[CRS-STAT] StaticMutability: fn=_ZNSt3__120__shared_ptr_emplaceIN4llvm3orc17ThreadSafeContext5StateENS_9allocatorIS4_EEE16__on_zero_sharedEv examined=1 blocked_escaped=0 blocked_mutated=1 annotated=0
[CRS-STAT] StaticMutability: fn=_ZNSt3__120__shared_ptr_emplaceIN4llvm3orc17ThreadSafeContext5StateENS_9allocatorIS4_EEE16__on_zero_sharedEv examined=1 blocked_escaped=0 blocked_mutated=1 annotated=0
[CRS-STAT] StaticMutability: fn=_ZNSt3__120__shared_ptr_emplaceIN4llvm3orc17ThreadSafeContext5StateENS_9allocatorIS4_EEE16__on_zero_sharedEv examined=1 blocked_escaped=0 blocked_mutated=1 annotated=0
[CRS-STAT] StaticMutability: fn=_ZNSt3__120__shared_ptr_emplaceIN4llvm3orc17ThreadSafeContext5StateENS_9allocatorIS4_EEE16__on_zero_sharedEv examined=1 blocked_escaped=0 blocked_mutated=1 annotated=0
[CRS-STAT] StaticMutability: fn=_ZN23clangRuntimeSpecializer6detail21__crs_lambda_op_proxyIvZ49create_apply_row_delta_batch_tradeoff_specializedliiiiE3$_0JPKhPdEEET_PT0_DpT1_ examined=5 blocked_escaped=0 blocked_mutated=0 annotated=5
[CRS-STAT] StaticMutability: fn=_ZNSt3__120__shared_ptr_emplaceIN4llvm3orc17ThreadSafeContext5StateENS_9allocatorIS4_EEE16__on_zero_sharedEv examined=1 blocked_escaped=0 blocked_mutated=1 annotated=0
[CRS-STAT] InvariantLoadToConst: fn=specialized_wrapper_1_93825108042544_lambda candidates=5 replaced=5
[CRS-STAT] StaticMutability: fn=_ZNSt3__120__shared_ptr_emplaceIN4llvm3orc17ThreadSafeContext5StateENS_9allocatorIS4_EEE16__on_zero_sharedEv examined=1 blocked_escaped=0 blocked_mutated=1 annotated=0
[CRS-STAT] StaticMutability: fn=_ZNSt3__120__shared_ptr_emplaceIN4llvm3orc17ThreadSafeContext5StateENS_9allocatorIS4_EEE16__on_zero_sharedEv examined=1 blocked_escaped=0 blocked_mutated=1 annotated=0
[CRS-STAT] StaticMutability: fn=_ZNSt3__120__shared_ptr_emplaceIN4llvm3orc17ThreadSafeContext5StateENS_9allocatorIS4_EEE16__on_zero_sharedEv examined=1 blocked_escaped=0 blocked_mutated=1 annotated=0
[CRS-STAT] StaticMutability: fn=_ZNSt3__120__shared_ptr_emplaceIN4llvm3orc17ThreadSafeContext5StateENS_9allocatorIS4_EEE16__on_zero_sharedEv examined=1 blocked_escaped=0 blocked_mutated=1 annotated=0
[CRS-STAT] StaticMutability: fn=_ZNSt3__120__shared_ptr_emplaceIN4llvm3orc17ThreadSafeContext5StateENS_9allocatorIS4_EEE16__on_zero_sharedEv examined=1 blocked_escaped=0 blocked_mutated=1 annotated=0
[CRS-STAT] StaticMutability: fn=_ZNSt3__120__shared_ptr_emplaceIN4llvm3orc17ThreadSafeContext5StateENS_9allocatorIS4_EEE16__on_zero_sharedEv examined=1 blocked_escaped=0 blocked_mutated=1 annotated=0
[CRS init] blobs=66  bitcode=59525 KB  functions=4541  instructions=447338
---------------------------------------------------------------------------------------------------------------------------------------------------
Benchmark                                                                                                         Time             CPU   Iterations
---------------------------------------------------------------------------------------------------------------------------------------------------
BM_g:uc8_ivm;n:apply_row_delta;a:tradeoff;s:EXTRALARGE;t:jit_overhead;/42000000/iterations:1/manual_time      0.000 ms         94.4 ms            1
