2026-06-20T13:13:31+02:00
Running /home/Jakob.Gerhardt/CLionProjects/Masterarbeit/llvm/llvm/build/release/tools/runtime-specialization/benchmarks/AllBenchmarks
Run on (16 X 399.819 MHz CPU s)
CPU Caches:
  L1 Data 48 KiB (x8)
  L1 Instruction 32 KiB (x8)
  L2 Unified 1280 KiB (x8)
  L3 Unified 24576 KiB (x1)
Load Average: 5.40, 5.45, 6.54
[CRS-STAT] StaticMutability: fn=_ZN23clangRuntimeSpecializer6detail21__crs_lambda_op_proxyIvZ42create_grouped_minmax_abstract_specializediiiiE3$_0JPKhlPdS5_EEET_PT0_DpT1_ examined=4 blocked_escaped=0 blocked_mutated=0 annotated=4
[CRS-STAT] StaticMutability: fn=_ZNSt3__120__shared_ptr_emplaceIN4llvm3orc17ThreadSafeContext5StateENS_9allocatorIS4_EEE16__on_zero_sharedEv examined=1 blocked_escaped=0 blocked_mutated=1 annotated=0
[CRS-STAT] InvariantLoadToConst: fn=specialized_wrapper_0_93825108045728_lambda candidates=4 replaced=4
[CRS-STAT] StaticMutability: fn=_ZNSt3__120__shared_ptr_emplaceIN4llvm3orc17ThreadSafeContext5StateENS_9allocatorIS4_EEE16__on_zero_sharedEv examined=1 blocked_escaped=0 blocked_mutated=1 annotated=0
[CRS-STAT] StaticMutability: fn=_ZNSt3__120__shared_ptr_emplaceIN4llvm3orc17ThreadSafeContext5StateENS_9allocatorIS4_EEE16__on_zero_sharedEv examined=1 blocked_escaped=0 blocked_mutated=1 annotated=0
[CRS-STAT] StaticMutability: fn=_ZNSt3__120__shared_ptr_emplaceIN4llvm3orc17ThreadSafeContext5StateENS_9allocatorIS4_EEE16__on_zero_sharedEv examined=1 blocked_escaped=0 blocked_mutated=1 annotated=0
[CRS-STAT] StaticMutability: fn=_ZNSt3__120__shared_ptr_emplaceIN4llvm3orc17ThreadSafeContext5StateENS_9allocatorIS4_EEE16__on_zero_sharedEv examined=1 blocked_escaped=0 blocked_mutated=1 annotated=0
[CRS-STAT] StaticMutability: fn=_ZNSt3__120__shared_ptr_emplaceIN4llvm3orc17ThreadSafeContext5StateENS_9allocatorIS4_EEE16__on_zero_sharedEv examined=1 blocked_escaped=0 blocked_mutated=1 annotated=0
[CRS-STAT] StaticMutability: fn=_ZNSt3__120__shared_ptr_emplaceIN4llvm3orc17ThreadSafeContext5StateENS_9allocatorIS4_EEE16__on_zero_sharedEv examined=1 blocked_escaped=0 blocked_mutated=1 annotated=0
[CRS-STAT] StaticMutability: fn=_ZNSt3__120__shared_ptr_emplaceIN4llvm3orc17ThreadSafeContext5StateENS_9allocatorIS4_EEE16__on_zero_sharedEv examined=1 blocked_escaped=0 blocked_mutated=1 annotated=0
[CRS-STAT] StaticMutability: fn=_ZNSt3__120__shared_ptr_emplaceIN4llvm3orc17ThreadSafeContext5StateENS_9allocatorIS4_EEE16__on_zero_sharedEv examined=1 blocked_escaped=0 blocked_mutated=1 annotated=0
[CRS-STAT] StaticMutability: fn=_ZN23clangRuntimeSpecializer6detail21__crs_lambda_op_proxyIvZ42create_grouped_minmax_abstract_specializediiiiE3$_0JPKhlPdS5_EEET_PT0_DpT1_ examined=4 blocked_escaped=0 blocked_mutated=0 annotated=4
[CRS-STAT] StaticMutability: fn=_ZNSt3__120__shared_ptr_emplaceIN4llvm3orc17ThreadSafeContext5StateENS_9allocatorIS4_EEE16__on_zero_sharedEv examined=1 blocked_escaped=0 blocked_mutated=1 annotated=0
[CRS-STAT] InvariantLoadToConst: fn=specialized_wrapper_1_93825108045728_lambda candidates=4 replaced=4
[CRS-STAT] StaticMutability: fn=_ZNSt3__120__shared_ptr_emplaceIN4llvm3orc17ThreadSafeContext5StateENS_9allocatorIS4_EEE16__on_zero_sharedEv examined=1 blocked_escaped=0 blocked_mutated=1 annotated=0
[CRS-STAT] StaticMutability: fn=_ZNSt3__120__shared_ptr_emplaceIN4llvm3orc17ThreadSafeContext5StateENS_9allocatorIS4_EEE16__on_zero_sharedEv examined=1 blocked_escaped=0 blocked_mutated=1 annotated=0
[CRS-STAT] StaticMutability: fn=_ZNSt3__120__shared_ptr_emplaceIN4llvm3orc17ThreadSafeContext5StateENS_9allocatorIS4_EEE16__on_zero_sharedEv examined=1 blocked_escaped=0 blocked_mutated=1 annotated=0
[CRS-STAT] StaticMutability: fn=_ZNSt3__120__shared_ptr_emplaceIN4llvm3orc17ThreadSafeContext5StateENS_9allocatorIS4_EEE16__on_zero_sharedEv examined=1 blocked_escaped=0 blocked_mutated=1 annotated=0
[CRS-STAT] StaticMutability: fn=_ZNSt3__120__shared_ptr_emplaceIN4llvm3orc17ThreadSafeContext5StateENS_9allocatorIS4_EEE16__on_zero_sharedEv examined=1 blocked_escaped=0 blocked_mutated=1 annotated=0
[CRS-STAT] StaticMutability: fn=_ZNSt3__120__shared_ptr_emplaceIN4llvm3orc17ThreadSafeContext5StateENS_9allocatorIS4_EEE16__on_zero_sharedEv examined=1 blocked_escaped=0 blocked_mutated=1 annotated=0
[CRS-STAT] StaticMutability: fn=_ZNSt3__120__shared_ptr_emplaceIN4llvm3orc17ThreadSafeContext5StateENS_9allocatorIS4_EEE16__on_zero_sharedEv examined=1 blocked_escaped=0 blocked_mutated=1 annotated=0
[CRS-STAT] StaticMutability: fn=_ZNSt3__120__shared_ptr_emplaceIN4llvm3orc17ThreadSafeContext5StateENS_9allocatorIS4_EEE16__on_zero_sharedEv examined=1 blocked_escaped=0 blocked_mutated=1 annotated=0
[CRS-STAT] StaticMutability: fn=_ZN23clangRuntimeSpecializer6detail21__crs_lambda_op_proxyIvZ42create_grouped_minmax_abstract_specializediiiiE3$_0JPKhlPdS5_EEET_PT0_DpT1_ examined=4 blocked_escaped=0 blocked_mutated=0 annotated=4
[CRS-STAT] StaticMutability: fn=_ZNSt3__120__shared_ptr_emplaceIN4llvm3orc17ThreadSafeContext5StateENS_9allocatorIS4_EEE16__on_zero_sharedEv examined=1 blocked_escaped=0 blocked_mutated=1 annotated=0
[CRS-STAT] InvariantLoadToConst: fn=specialized_wrapper_2_93825108045728_lambda candidates=4 replaced=4
[CRS-STAT] StaticMutability: fn=_ZNSt3__120__shared_ptr_emplaceIN4llvm3orc17ThreadSafeContext5StateENS_9allocatorIS4_EEE16__on_zero_sharedEv examined=1 blocked_escaped=0 blocked_mutated=1 annotated=0
[CRS-STAT] StaticMutability: fn=_ZNSt3__120__shared_ptr_emplaceIN4llvm3orc17ThreadSafeContext5StateENS_9allocatorIS4_EEE16__on_zero_sharedEv examined=1 blocked_escaped=0 blocked_mutated=1 annotated=0
[CRS-STAT] StaticMutability: fn=_ZNSt3__120__shared_ptr_emplaceIN4llvm3orc17ThreadSafeContext5StateENS_9allocatorIS4_EEE16__on_zero_sharedEv examined=1 blocked_escaped=0 blocked_mutated=1 annotated=0
[CRS-STAT] StaticMutability: fn=_ZNSt3__120__shared_ptr_emplaceIN4llvm3orc17ThreadSafeContext5StateENS_9allocatorIS4_EEE16__on_zero_sharedEv examined=1 blocked_escaped=0 blocked_mutated=1 annotated=0
[CRS-STAT] StaticMutability: fn=_ZNSt3__120__shared_ptr_emplaceIN4llvm3orc17ThreadSafeContext5StateENS_9allocatorIS4_EEE16__on_zero_sharedEv examined=1 blocked_escaped=0 blocked_mutated=1 annotated=0
[CRS-STAT] StaticMutability: fn=_ZNSt3__120__shared_ptr_emplaceIN4llvm3orc17ThreadSafeContext5StateENS_9allocatorIS4_EEE16__on_zero_sharedEv examined=1 blocked_escaped=0 blocked_mutated=1 annotated=0
[CRS-STAT] StaticMutability: fn=_ZNSt3__120__shared_ptr_emplaceIN4llvm3orc17ThreadSafeContext5StateENS_9allocatorIS4_EEE16__on_zero_sharedEv examined=1 blocked_escaped=0 blocked_mutated=1 annotated=0
[CRS-STAT] StaticMutability: fn=_ZNSt3__120__shared_ptr_emplaceIN4llvm3orc17ThreadSafeContext5StateENS_9allocatorIS4_EEE16__on_zero_sharedEv examined=1 blocked_escaped=0 blocked_mutated=1 annotated=0
[CRS-STAT] StaticMutability: fn=_ZN23clangRuntimeSpecializer6detail21__crs_lambda_op_proxyIvZ42create_grouped_minmax_abstract_specializediiiiE3$_0JPKhlPdS5_EEET_PT0_DpT1_ examined=4 blocked_escaped=0 blocked_mutated=0 annotated=4
[CRS-STAT] StaticMutability: fn=_ZNSt3__120__shared_ptr_emplaceIN4llvm3orc17ThreadSafeContext5StateENS_9allocatorIS4_EEE16__on_zero_sharedEv examined=1 blocked_escaped=0 blocked_mutated=1 annotated=0
[CRS-STAT] InvariantLoadToConst: fn=specialized_wrapper_3_93825108045728_lambda candidates=4 replaced=4
[CRS-STAT] StaticMutability: fn=_ZNSt3__120__shared_ptr_emplaceIN4llvm3orc17ThreadSafeContext5StateENS_9allocatorIS4_EEE16__on_zero_sharedEv examined=1 blocked_escaped=0 blocked_mutated=1 annotated=0
[CRS-STAT] StaticMutability: fn=_ZNSt3__120__shared_ptr_emplaceIN4llvm3orc17ThreadSafeContext5StateENS_9allocatorIS4_EEE16__on_zero_sharedEv examined=1 blocked_escaped=0 blocked_mutated=1 annotated=0
[CRS-STAT] StaticMutability: fn=_ZNSt3__120__shared_ptr_emplaceIN4llvm3orc17ThreadSafeContext5StateENS_9allocatorIS4_EEE16__on_zero_sharedEv examined=1 blocked_escaped=0 blocked_mutated=1 annotated=0
[CRS-STAT] StaticMutability: fn=_ZNSt3__120__shared_ptr_emplaceIN4llvm3orc17ThreadSafeContext5StateENS_9allocatorIS4_EEE16__on_zero_sharedEv examined=1 blocked_escaped=0 blocked_mutated=1 annotated=0
[CRS-STAT] StaticMutability: fn=_ZNSt3__120__shared_ptr_emplaceIN4llvm3orc17ThreadSafeContext5StateENS_9allocatorIS4_EEE16__on_zero_sharedEv examined=1 blocked_escaped=0 blocked_mutated=1 annotated=0
[CRS-STAT] StaticMutability: fn=_ZNSt3__120__shared_ptr_emplaceIN4llvm3orc17ThreadSafeContext5StateENS_9allocatorIS4_EEE16__on_zero_sharedEv examined=1 blocked_escaped=0 blocked_mutated=1 annotated=0
[CRS-STAT] StaticMutability: fn=_ZNSt3__120__shared_ptr_emplaceIN4llvm3orc17ThreadSafeContext5StateENS_9allocatorIS4_EEE16__on_zero_sharedEv examined=1 blocked_escaped=0 blocked_mutated=1 annotated=0
[CRS-STAT] StaticMutability: fn=_ZNSt3__120__shared_ptr_emplaceIN4llvm3orc17ThreadSafeContext5StateENS_9allocatorIS4_EEE16__on_zero_sharedEv examined=1 blocked_escaped=0 blocked_mutated=1 annotated=0
[CRS init] blobs=66  bitcode=59525 KB  functions=4541  instructions=447338
------------------------------------------------------------------------------------------------------------------------------
Benchmark                                                                                    Time             CPU   Iterations
------------------------------------------------------------------------------------------------------------------------------
BM_g:uc12_groupby;n:grouped_minmax;a:abstract;s:MEDIUM;t:specialized_exec;/10000000       27.1 ms         27.1 ms           27
