2026-06-20T12:59:08+02:00
Running /home/Jakob.Gerhardt/CLionProjects/Masterarbeit/llvm/llvm/build/release/tools/runtime-specialization/benchmarks/AllBenchmarks
Run on (16 X 2382.8 MHz CPU s)
CPU Caches:
  L1 Data 48 KiB (x8)
  L1 Instruction 32 KiB (x8)
  L2 Unified 1280 KiB (x8)
  L3 Unified 24576 KiB (x1)
Load Average: 5.23, 8.33, 8.64
[CRS-STAT] StaticMutability: fn=_ZNK9Convolver8convolveEPKfPfii examined=1 blocked_escaped=0 blocked_mutated=0 annotated=1
[CRS-STAT] StaticMutability: fn=_ZNK14GaussianKernel6weightEi examined=1 blocked_escaped=0 blocked_mutated=0 annotated=1
[CRS-STAT] StaticMutability: fn=_ZNK14GaussianKernel6radiusEv examined=1 blocked_escaped=0 blocked_mutated=0 annotated=1
[CRS-STAT] StaticMutability: fn=_ZN23clangRuntimeSpecializer6detail21__crs_lambda_op_proxyIvZ46create_separable_gaussian_abstract_specializediiPKfiE3$_0JS3_PfEEET_PT0_DpT1_ examined=5 blocked_escaped=0 blocked_mutated=0 annotated=5
[CRS-STAT] StaticMutability: fn=_ZNSt3__120__shared_ptr_emplaceIN4llvm3orc17ThreadSafeContext5StateENS_9allocatorIS4_EEE16__on_zero_sharedEv examined=1 blocked_escaped=0 blocked_mutated=1 annotated=0
[CRS-STAT] InvariantLoadToConst: fn=_ZNK9Convolver8convolveEPKfPfii candidates=1 replaced=0
[CRS-STAT] InvariantLoadToConst: fn=_ZNK14GaussianKernel6weightEi candidates=1 replaced=0
[CRS-STAT] InvariantLoadToConst: fn=_ZNK14GaussianKernel6radiusEv candidates=1 replaced=0
[CRS-STAT] InvariantLoadToConst: fn=specialized_wrapper_0_93825108043088_lambda candidates=5 replaced=4
[CRS-STAT] StaticMutability: fn=_ZNK9Convolver8convolveEPKfPfii examined=1 blocked_escaped=0 blocked_mutated=0 annotated=1
[CRS-STAT] StaticMutability: fn=_ZNK14GaussianKernel6weightEi examined=1 blocked_escaped=0 blocked_mutated=0 annotated=1
[CRS-STAT] StaticMutability: fn=_ZNK14GaussianKernel6radiusEv examined=1 blocked_escaped=0 blocked_mutated=0 annotated=1
[CRS-STAT] StaticMutability: fn=_ZNSt3__120__shared_ptr_emplaceIN4llvm3orc17ThreadSafeContext5StateENS_9allocatorIS4_EEE16__on_zero_sharedEv examined=1 blocked_escaped=0 blocked_mutated=1 annotated=0
[CRS-STAT] StaticMutability: fn=specialized_wrapper_0_93825108043088_lambda examined=1 blocked_escaped=0 blocked_mutated=0 annotated=1
[CRS-STAT] InvariantLoadToConst: fn=_ZNK9Convolver8convolveEPKfPfii candidates=1 replaced=0
[CRS-STAT] InvariantLoadToConst: fn=_ZNK14GaussianKernel6weightEi candidates=1 replaced=0
[CRS-STAT] InvariantLoadToConst: fn=_ZNK14GaussianKernel6radiusEv candidates=1 replaced=0
[CRS-STAT] InvariantLoadToConst: fn=specialized_wrapper_0_93825108043088_lambda candidates=1 replaced=0
[CRS-STAT] StaticMutability: fn=_ZNK14GaussianKernel6weightEi examined=1 blocked_escaped=0 blocked_mutated=0 annotated=1
[CRS-STAT] InvariantLoadToConst: fn=_ZNK14GaussianKernel6weightEi candidates=1 replaced=0
[CRS-STAT] StaticMutability: fn=_ZNK14GaussianKernel6radiusEv examined=1 blocked_escaped=0 blocked_mutated=0 annotated=1
[CRS-STAT] InvariantLoadToConst: fn=_ZNK14GaussianKernel6radiusEv candidates=1 replaced=0
[CRS-STAT] StaticMutability: fn=_ZNSt3__120__shared_ptr_emplaceIN4llvm3orc17ThreadSafeContext5StateENS_9allocatorIS4_EEE16__on_zero_sharedEv examined=1 blocked_escaped=0 blocked_mutated=1 annotated=0
[CRS-STAT] StaticMutability: fn=specialized_wrapper_0_93825108043088_lambda examined=1 blocked_escaped=0 blocked_mutated=0 annotated=1
[CRS-STAT] InvariantLoadToConst: fn=specialized_wrapper_0_93825108043088_lambda candidates=1 replaced=0
[CRS-STAT] StaticMutability: fn=_ZNK14GaussianKernel6weightEi examined=1 blocked_escaped=0 blocked_mutated=0 annotated=1
[CRS-STAT] StaticMutability: fn=_ZNK14GaussianKernel6radiusEv examined=1 blocked_escaped=0 blocked_mutated=0 annotated=1
[CRS-STAT] StaticMutability: fn=_ZNSt3__120__shared_ptr_emplaceIN4llvm3orc17ThreadSafeContext5StateENS_9allocatorIS4_EEE16__on_zero_sharedEv examined=1 blocked_escaped=0 blocked_mutated=1 annotated=0
[CRS-STAT] StaticMutability: fn=specialized_wrapper_0_93825108043088_lambda examined=1 blocked_escaped=0 blocked_mutated=0 annotated=1
[CRS-STAT] InvariantLoadToConst: fn=_ZNK14GaussianKernel6weightEi candidates=1 replaced=0
[CRS-STAT] InvariantLoadToConst: fn=_ZNK14GaussianKernel6radiusEv candidates=1 replaced=0
[CRS-STAT] InvariantLoadToConst: fn=specialized_wrapper_0_93825108043088_lambda candidates=1 replaced=0
[CRS-STAT] StaticMutability: fn=_ZNK14GaussianKernel6weightEi examined=1 blocked_escaped=0 blocked_mutated=0 annotated=1
[CRS-STAT] InvariantLoadToConst: fn=_ZNK14GaussianKernel6weightEi candidates=1 replaced=0
[CRS-STAT] StaticMutability: fn=_ZNK14GaussianKernel6radiusEv examined=1 blocked_escaped=0 blocked_mutated=0 annotated=1
[CRS-STAT] InvariantLoadToConst: fn=_ZNK14GaussianKernel6radiusEv candidates=1 replaced=0
[CRS-STAT] StaticMutability: fn=_ZNSt3__120__shared_ptr_emplaceIN4llvm3orc17ThreadSafeContext5StateENS_9allocatorIS4_EEE16__on_zero_sharedEv examined=1 blocked_escaped=0 blocked_mutated=1 annotated=0
[CRS-STAT] StaticMutability: fn=specialized_wrapper_0_93825108043088_lambda examined=1 blocked_escaped=0 blocked_mutated=0 annotated=1
[CRS-STAT] InvariantLoadToConst: fn=specialized_wrapper_0_93825108043088_lambda candidates=1 replaced=0
[CRS-STAT] StaticMutability: fn=_ZNK14GaussianKernel6weightEi examined=1 blocked_escaped=0 blocked_mutated=0 annotated=1
[CRS-STAT] StaticMutability: fn=_ZNK14GaussianKernel6radiusEv examined=1 blocked_escaped=0 blocked_mutated=0 annotated=1
[CRS-STAT] StaticMutability: fn=_ZNSt3__120__shared_ptr_emplaceIN4llvm3orc17ThreadSafeContext5StateENS_9allocatorIS4_EEE16__on_zero_sharedEv examined=1 blocked_escaped=0 blocked_mutated=1 annotated=0
[CRS-STAT] StaticMutability: fn=specialized_wrapper_0_93825108043088_lambda examined=1 blocked_escaped=0 blocked_mutated=0 annotated=1
[CRS-STAT] InvariantLoadToConst: fn=_ZNK14GaussianKernel6weightEi candidates=1 replaced=0
[CRS-STAT] InvariantLoadToConst: fn=_ZNK14GaussianKernel6radiusEv candidates=1 replaced=0
[CRS-STAT] InvariantLoadToConst: fn=specialized_wrapper_0_93825108043088_lambda candidates=1 replaced=0
[CRS-STAT] StaticMutability: fn=_ZNK14GaussianKernel6weightEi examined=1 blocked_escaped=0 blocked_mutated=0 annotated=1
[CRS-STAT] InvariantLoadToConst: fn=_ZNK14GaussianKernel6weightEi candidates=1 replaced=0
[CRS-STAT] StaticMutability: fn=_ZNK14GaussianKernel6radiusEv examined=1 blocked_escaped=0 blocked_mutated=0 annotated=1
[CRS-STAT] InvariantLoadToConst: fn=_ZNK14GaussianKernel6radiusEv candidates=1 replaced=0
[CRS-STAT] StaticMutability: fn=_ZNSt3__120__shared_ptr_emplaceIN4llvm3orc17ThreadSafeContext5StateENS_9allocatorIS4_EEE16__on_zero_sharedEv examined=1 blocked_escaped=0 blocked_mutated=1 annotated=0
[CRS-STAT] StaticMutability: fn=specialized_wrapper_0_93825108043088_lambda examined=1 blocked_escaped=0 blocked_mutated=0 annotated=1
[CRS-STAT] InvariantLoadToConst: fn=specialized_wrapper_0_93825108043088_lambda candidates=1 replaced=0
[CRS-STAT] StaticMutability: fn=_ZNK14GaussianKernel6weightEi examined=1 blocked_escaped=0 blocked_mutated=0 annotated=1
[CRS-STAT] StaticMutability: fn=_ZNK14GaussianKernel6radiusEv examined=1 blocked_escaped=0 blocked_mutated=0 annotated=1
[CRS-STAT] StaticMutability: fn=_ZNSt3__120__shared_ptr_emplaceIN4llvm3orc17ThreadSafeContext5StateENS_9allocatorIS4_EEE16__on_zero_sharedEv examined=1 blocked_escaped=0 blocked_mutated=1 annotated=0
[CRS-STAT] StaticMutability: fn=specialized_wrapper_0_93825108043088_lambda examined=1 blocked_escaped=0 blocked_mutated=0 annotated=1
[CRS-STAT] InvariantLoadToConst: fn=_ZNK14GaussianKernel6weightEi candidates=1 replaced=0
[CRS-STAT] InvariantLoadToConst: fn=_ZNK14GaussianKernel6radiusEv candidates=1 replaced=0
[CRS-STAT] InvariantLoadToConst: fn=specialized_wrapper_0_93825108043088_lambda candidates=1 replaced=0
[CRS-STAT] StaticMutability: fn=_ZNK14GaussianKernel6weightEi examined=1 blocked_escaped=0 blocked_mutated=0 annotated=1
[CRS-STAT] InvariantLoadToConst: fn=_ZNK14GaussianKernel6weightEi candidates=1 replaced=0
[CRS-STAT] StaticMutability: fn=_ZNK14GaussianKernel6radiusEv examined=1 blocked_escaped=0 blocked_mutated=0 annotated=1
[CRS-STAT] InvariantLoadToConst: fn=_ZNK14GaussianKernel6radiusEv candidates=1 replaced=0
[CRS-STAT] StaticMutability: fn=_ZNSt3__120__shared_ptr_emplaceIN4llvm3orc17ThreadSafeContext5StateENS_9allocatorIS4_EEE16__on_zero_sharedEv examined=1 blocked_escaped=0 blocked_mutated=1 annotated=0
[CRS-STAT] StaticMutability: fn=specialized_wrapper_0_93825108043088_lambda examined=1 blocked_escaped=0 blocked_mutated=0 annotated=1
[CRS-STAT] InvariantLoadToConst: fn=specialized_wrapper_0_93825108043088_lambda candidates=1 replaced=0
[CRS-STAT] StaticMutability: fn=_ZNK9Convolver8convolveEPKfPfii examined=1 blocked_escaped=0 blocked_mutated=0 annotated=1
[CRS-STAT] StaticMutability: fn=_ZNK14GaussianKernel6weightEi examined=1 blocked_escaped=0 blocked_mutated=0 annotated=1
[CRS-STAT] StaticMutability: fn=_ZNK14GaussianKernel6radiusEv examined=1 blocked_escaped=0 blocked_mutated=0 annotated=1
[CRS-STAT] StaticMutability: fn=_ZN23clangRuntimeSpecializer6detail21__crs_lambda_op_proxyIvZ46create_separable_gaussian_abstract_specializediiPKfiE3$_0JS3_PfEEET_PT0_DpT1_ examined=5 blocked_escaped=0 blocked_mutated=0 annotated=5
[CRS-STAT] StaticMutability: fn=_ZNSt3__120__shared_ptr_emplaceIN4llvm3orc17ThreadSafeContext5StateENS_9allocatorIS4_EEE16__on_zero_sharedEv examined=1 blocked_escaped=0 blocked_mutated=1 annotated=0
[CRS-STAT] InvariantLoadToConst: fn=_ZNK9Convolver8convolveEPKfPfii candidates=1 replaced=0
[CRS-STAT] InvariantLoadToConst: fn=_ZNK14GaussianKernel6weightEi candidates=1 replaced=0
[CRS-STAT] InvariantLoadToConst: fn=_ZNK14GaussianKernel6radiusEv candidates=1 replaced=0
[CRS-STAT] InvariantLoadToConst: fn=specialized_wrapper_1_93825108043088_lambda candidates=5 replaced=4
[CRS-STAT] StaticMutability: fn=_ZNK9Convolver8convolveEPKfPfii examined=1 blocked_escaped=0 blocked_mutated=0 annotated=1
[CRS-STAT] StaticMutability: fn=_ZNK14GaussianKernel6weightEi examined=1 blocked_escaped=0 blocked_mutated=0 annotated=1
[CRS-STAT] StaticMutability: fn=_ZNK14GaussianKernel6radiusEv examined=1 blocked_escaped=0 blocked_mutated=0 annotated=1
[CRS-STAT] StaticMutability: fn=_ZNSt3__120__shared_ptr_emplaceIN4llvm3orc17ThreadSafeContext5StateENS_9allocatorIS4_EEE16__on_zero_sharedEv examined=1 blocked_escaped=0 blocked_mutated=1 annotated=0
[CRS-STAT] StaticMutability: fn=specialized_wrapper_1_93825108043088_lambda examined=1 blocked_escaped=0 blocked_mutated=0 annotated=1
[CRS-STAT] InvariantLoadToConst: fn=_ZNK9Convolver8convolveEPKfPfii candidates=1 replaced=0
[CRS-STAT] InvariantLoadToConst: fn=_ZNK14GaussianKernel6weightEi candidates=1 replaced=0
[CRS-STAT] InvariantLoadToConst: fn=_ZNK14GaussianKernel6radiusEv candidates=1 replaced=0
[CRS-STAT] InvariantLoadToConst: fn=specialized_wrapper_1_93825108043088_lambda candidates=1 replaced=0
[CRS-STAT] StaticMutability: fn=_ZNK14GaussianKernel6weightEi examined=1 blocked_escaped=0 blocked_mutated=0 annotated=1
[CRS-STAT] InvariantLoadToConst: fn=_ZNK14GaussianKernel6weightEi candidates=1 replaced=0
[CRS-STAT] StaticMutability: fn=_ZNK14GaussianKernel6radiusEv examined=1 blocked_escaped=0 blocked_mutated=0 annotated=1
[CRS-STAT] InvariantLoadToConst: fn=_ZNK14GaussianKernel6radiusEv candidates=1 replaced=0
[CRS-STAT] StaticMutability: fn=_ZNSt3__120__shared_ptr_emplaceIN4llvm3orc17ThreadSafeContext5StateENS_9allocatorIS4_EEE16__on_zero_sharedEv examined=1 blocked_escaped=0 blocked_mutated=1 annotated=0
[CRS-STAT] StaticMutability: fn=specialized_wrapper_1_93825108043088_lambda examined=1 blocked_escaped=0 blocked_mutated=0 annotated=1
[CRS-STAT] InvariantLoadToConst: fn=specialized_wrapper_1_93825108043088_lambda candidates=1 replaced=0
[CRS-STAT] StaticMutability: fn=_ZNK14GaussianKernel6weightEi examined=1 blocked_escaped=0 blocked_mutated=0 annotated=1
[CRS-STAT] StaticMutability: fn=_ZNK14GaussianKernel6radiusEv examined=1 blocked_escaped=0 blocked_mutated=0 annotated=1
[CRS-STAT] StaticMutability: fn=_ZNSt3__120__shared_ptr_emplaceIN4llvm3orc17ThreadSafeContext5StateENS_9allocatorIS4_EEE16__on_zero_sharedEv examined=1 blocked_escaped=0 blocked_mutated=1 annotated=0
[CRS-STAT] StaticMutability: fn=specialized_wrapper_1_93825108043088_lambda examined=1 blocked_escaped=0 blocked_mutated=0 annotated=1
[CRS-STAT] InvariantLoadToConst: fn=_ZNK14GaussianKernel6weightEi candidates=1 replaced=0
[CRS-STAT] InvariantLoadToConst: fn=_ZNK14GaussianKernel6radiusEv candidates=1 replaced=0
[CRS-STAT] InvariantLoadToConst: fn=specialized_wrapper_1_93825108043088_lambda candidates=1 replaced=0
[CRS-STAT] StaticMutability: fn=_ZNK14GaussianKernel6weightEi examined=1 blocked_escaped=0 blocked_mutated=0 annotated=1
[CRS-STAT] InvariantLoadToConst: fn=_ZNK14GaussianKernel6weightEi candidates=1 replaced=0
[CRS-STAT] StaticMutability: fn=_ZNK14GaussianKernel6radiusEv examined=1 blocked_escaped=0 blocked_mutated=0 annotated=1
[CRS-STAT] InvariantLoadToConst: fn=_ZNK14GaussianKernel6radiusEv candidates=1 replaced=0
[CRS-STAT] StaticMutability: fn=_ZNSt3__120__shared_ptr_emplaceIN4llvm3orc17ThreadSafeContext5StateENS_9allocatorIS4_EEE16__on_zero_sharedEv examined=1 blocked_escaped=0 blocked_mutated=1 annotated=0
[CRS-STAT] StaticMutability: fn=specialized_wrapper_1_93825108043088_lambda examined=1 blocked_escaped=0 blocked_mutated=0 annotated=1
[CRS-STAT] InvariantLoadToConst: fn=specialized_wrapper_1_93825108043088_lambda candidates=1 replaced=0
[CRS-STAT] StaticMutability: fn=_ZNK14GaussianKernel6weightEi examined=1 blocked_escaped=0 blocked_mutated=0 annotated=1
[CRS-STAT] StaticMutability: fn=_ZNK14GaussianKernel6radiusEv examined=1 blocked_escaped=0 blocked_mutated=0 annotated=1
[CRS-STAT] StaticMutability: fn=_ZNSt3__120__shared_ptr_emplaceIN4llvm3orc17ThreadSafeContext5StateENS_9allocatorIS4_EEE16__on_zero_sharedEv examined=1 blocked_escaped=0 blocked_mutated=1 annotated=0
[CRS-STAT] StaticMutability: fn=specialized_wrapper_1_93825108043088_lambda examined=1 blocked_escaped=0 blocked_mutated=0 annotated=1
[CRS-STAT] InvariantLoadToConst: fn=_ZNK14GaussianKernel6weightEi candidates=1 replaced=0
[CRS-STAT] InvariantLoadToConst: fn=_ZNK14GaussianKernel6radiusEv candidates=1 replaced=0
[CRS-STAT] InvariantLoadToConst: fn=specialized_wrapper_1_93825108043088_lambda candidates=1 replaced=0
[CRS-STAT] StaticMutability: fn=_ZNK14GaussianKernel6weightEi examined=1 blocked_escaped=0 blocked_mutated=0 annotated=1
[CRS-STAT] InvariantLoadToConst: fn=_ZNK14GaussianKernel6weightEi candidates=1 replaced=0
[CRS-STAT] StaticMutability: fn=_ZNK14GaussianKernel6radiusEv examined=1 blocked_escaped=0 blocked_mutated=0 annotated=1
[CRS-STAT] InvariantLoadToConst: fn=_ZNK14GaussianKernel6radiusEv candidates=1 replaced=0
[CRS-STAT] StaticMutability: fn=_ZNSt3__120__shared_ptr_emplaceIN4llvm3orc17ThreadSafeContext5StateENS_9allocatorIS4_EEE16__on_zero_sharedEv examined=1 blocked_escaped=0 blocked_mutated=1 annotated=0
[CRS-STAT] StaticMutability: fn=specialized_wrapper_1_93825108043088_lambda examined=1 blocked_escaped=0 blocked_mutated=0 annotated=1
[CRS-STAT] InvariantLoadToConst: fn=specialized_wrapper_1_93825108043088_lambda candidates=1 replaced=0
[CRS-STAT] StaticMutability: fn=_ZNK14GaussianKernel6weightEi examined=1 blocked_escaped=0 blocked_mutated=0 annotated=1
[CRS-STAT] StaticMutability: fn=_ZNK14GaussianKernel6radiusEv examined=1 blocked_escaped=0 blocked_mutated=0 annotated=1
[CRS-STAT] StaticMutability: fn=_ZNSt3__120__shared_ptr_emplaceIN4llvm3orc17ThreadSafeContext5StateENS_9allocatorIS4_EEE16__on_zero_sharedEv examined=1 blocked_escaped=0 blocked_mutated=1 annotated=0
[CRS-STAT] StaticMutability: fn=specialized_wrapper_1_93825108043088_lambda examined=1 blocked_escaped=0 blocked_mutated=0 annotated=1
[CRS-STAT] InvariantLoadToConst: fn=_ZNK14GaussianKernel6weightEi candidates=1 replaced=0
[CRS-STAT] InvariantLoadToConst: fn=_ZNK14GaussianKernel6radiusEv candidates=1 replaced=0
[CRS-STAT] InvariantLoadToConst: fn=specialized_wrapper_1_93825108043088_lambda candidates=1 replaced=0
[CRS-STAT] StaticMutability: fn=_ZNK14GaussianKernel6weightEi examined=1 blocked_escaped=0 blocked_mutated=0 annotated=1
[CRS-STAT] InvariantLoadToConst: fn=_ZNK14GaussianKernel6weightEi candidates=1 replaced=0
[CRS-STAT] StaticMutability: fn=_ZNK14GaussianKernel6radiusEv examined=1 blocked_escaped=0 blocked_mutated=0 annotated=1
[CRS-STAT] InvariantLoadToConst: fn=_ZNK14GaussianKernel6radiusEv candidates=1 replaced=0
[CRS-STAT] StaticMutability: fn=_ZNSt3__120__shared_ptr_emplaceIN4llvm3orc17ThreadSafeContext5StateENS_9allocatorIS4_EEE16__on_zero_sharedEv examined=1 blocked_escaped=0 blocked_mutated=1 annotated=0
[CRS-STAT] StaticMutability: fn=specialized_wrapper_1_93825108043088_lambda examined=1 blocked_escaped=0 blocked_mutated=0 annotated=1
[CRS-STAT] InvariantLoadToConst: fn=specialized_wrapper_1_93825108043088_lambda candidates=1 replaced=0
[CRS init] blobs=66  bitcode=59525 KB  functions=4541  instructions=447338
-----------------------------------------------------------------------------------------------------------------------
Benchmark                                                                             Time             CPU   Iterations
-----------------------------------------------------------------------------------------------------------------------
BM_g:uc2_conv;n:separable_gaussian;a:abstract;s:MEDIUM;t:specialized_exec;/6 4130610770 ns   4130630925 ns            1
