2026-06-20T12:52:53+02:00
Running /home/Jakob.Gerhardt/CLionProjects/Masterarbeit/llvm/llvm/build/release/tools/runtime-specialization/benchmarks/AllBenchmarks
Run on (16 X 2500 MHz CPU s)
CPU Caches:
  L1 Data 48 KiB (x8)
  L1 Instruction 32 KiB (x8)
  L2 Unified 1280 KiB (x8)
  L3 Unified 24576 KiB (x1)
Load Average: 10.06, 14.60, 10.00
[CRS-STAT] StaticMutability: fn=_ZN23clangRuntimeSpecializer6detail21__crs_lambda_op_proxyIlZ47create_count_matching_rows_abstract_specializediidE3$_0JPKhlEEET_PT0_DpT1_ examined=3 blocked_escaped=0 blocked_mutated=0 annotated=3
[CRS-STAT] StaticMutability: fn=_ZNSt3__120__shared_ptr_emplaceIN4llvm3orc17ThreadSafeContext5StateENS_9allocatorIS4_EEE16__on_zero_sharedEv examined=1 blocked_escaped=0 blocked_mutated=1 annotated=0
[CRS-STAT] StaticMutability: fn=_ZNK18ThresholdPredicate4testEPKh examined=2 blocked_escaped=0 blocked_mutated=0 annotated=2
[CRS-STAT] InvariantLoadToConst: fn=_ZNK18ThresholdPredicate4testEPKh candidates=2 replaced=0
[CRS-STAT] InvariantLoadToConst: fn=specialized_wrapper_0_93825108042480_lambda candidates=3 replaced=2
[CRS-STAT] StaticMutability: fn=_ZNSt3__120__shared_ptr_emplaceIN4llvm3orc17ThreadSafeContext5StateENS_9allocatorIS4_EEE16__on_zero_sharedEv examined=1 blocked_escaped=0 blocked_mutated=1 annotated=0
[CRS-STAT] StaticMutability: fn=_ZNK18ThresholdPredicate4testEPKh examined=2 blocked_escaped=0 blocked_mutated=0 annotated=2
[CRS-STAT] StaticMutability: fn=specialized_wrapper_0_93825108042480_lambda examined=1 blocked_escaped=0 blocked_mutated=0 annotated=1
[CRS-STAT] InvariantLoadToConst: fn=_ZNK18ThresholdPredicate4testEPKh candidates=2 replaced=0
[CRS-STAT] InvariantLoadToConst: fn=specialized_wrapper_0_93825108042480_lambda candidates=1 replaced=0
[CRS-STAT] StaticMutability: fn=_ZNSt3__120__shared_ptr_emplaceIN4llvm3orc17ThreadSafeContext5StateENS_9allocatorIS4_EEE16__on_zero_sharedEv examined=1 blocked_escaped=0 blocked_mutated=1 annotated=0
[CRS-STAT] StaticMutability: fn=_ZNK18ThresholdPredicate4testEPKh examined=2 blocked_escaped=0 blocked_mutated=0 annotated=2
[CRS-STAT] InvariantLoadToConst: fn=_ZNK18ThresholdPredicate4testEPKh candidates=2 replaced=0
[CRS-STAT] StaticMutability: fn=specialized_wrapper_0_93825108042480_lambda examined=1 blocked_escaped=0 blocked_mutated=0 annotated=1
[CRS-STAT] InvariantLoadToConst: fn=specialized_wrapper_0_93825108042480_lambda candidates=1 replaced=0
[CRS-STAT] StaticMutability: fn=_ZNSt3__120__shared_ptr_emplaceIN4llvm3orc17ThreadSafeContext5StateENS_9allocatorIS4_EEE16__on_zero_sharedEv examined=1 blocked_escaped=0 blocked_mutated=1 annotated=0
[CRS-STAT] StaticMutability: fn=_ZNK18ThresholdPredicate4testEPKh examined=2 blocked_escaped=0 blocked_mutated=0 annotated=2
[CRS-STAT] StaticMutability: fn=specialized_wrapper_0_93825108042480_lambda examined=1 blocked_escaped=0 blocked_mutated=0 annotated=1
[CRS-STAT] InvariantLoadToConst: fn=_ZNK18ThresholdPredicate4testEPKh candidates=2 replaced=0
[CRS-STAT] InvariantLoadToConst: fn=specialized_wrapper_0_93825108042480_lambda candidates=1 replaced=0
[CRS-STAT] StaticMutability: fn=_ZNSt3__120__shared_ptr_emplaceIN4llvm3orc17ThreadSafeContext5StateENS_9allocatorIS4_EEE16__on_zero_sharedEv examined=1 blocked_escaped=0 blocked_mutated=1 annotated=0
[CRS-STAT] StaticMutability: fn=_ZNK18ThresholdPredicate4testEPKh examined=2 blocked_escaped=0 blocked_mutated=0 annotated=2
[CRS-STAT] InvariantLoadToConst: fn=_ZNK18ThresholdPredicate4testEPKh candidates=2 replaced=0
[CRS-STAT] StaticMutability: fn=specialized_wrapper_0_93825108042480_lambda examined=1 blocked_escaped=0 blocked_mutated=0 annotated=1
[CRS-STAT] InvariantLoadToConst: fn=specialized_wrapper_0_93825108042480_lambda candidates=1 replaced=0
[CRS-STAT] StaticMutability: fn=_ZNSt3__120__shared_ptr_emplaceIN4llvm3orc17ThreadSafeContext5StateENS_9allocatorIS4_EEE16__on_zero_sharedEv examined=1 blocked_escaped=0 blocked_mutated=1 annotated=0
[CRS-STAT] StaticMutability: fn=_ZNK18ThresholdPredicate4testEPKh examined=2 blocked_escaped=0 blocked_mutated=0 annotated=2
[CRS-STAT] StaticMutability: fn=specialized_wrapper_0_93825108042480_lambda examined=1 blocked_escaped=0 blocked_mutated=0 annotated=1
[CRS-STAT] InvariantLoadToConst: fn=_ZNK18ThresholdPredicate4testEPKh candidates=2 replaced=0
[CRS-STAT] InvariantLoadToConst: fn=specialized_wrapper_0_93825108042480_lambda candidates=1 replaced=0
[CRS-STAT] StaticMutability: fn=_ZNSt3__120__shared_ptr_emplaceIN4llvm3orc17ThreadSafeContext5StateENS_9allocatorIS4_EEE16__on_zero_sharedEv examined=1 blocked_escaped=0 blocked_mutated=1 annotated=0
[CRS-STAT] StaticMutability: fn=_ZNK18ThresholdPredicate4testEPKh examined=2 blocked_escaped=0 blocked_mutated=0 annotated=2
[CRS-STAT] InvariantLoadToConst: fn=_ZNK18ThresholdPredicate4testEPKh candidates=2 replaced=0
[CRS-STAT] StaticMutability: fn=specialized_wrapper_0_93825108042480_lambda examined=1 blocked_escaped=0 blocked_mutated=0 annotated=1
[CRS-STAT] InvariantLoadToConst: fn=specialized_wrapper_0_93825108042480_lambda candidates=1 replaced=0
[CRS-STAT] StaticMutability: fn=_ZNSt3__120__shared_ptr_emplaceIN4llvm3orc17ThreadSafeContext5StateENS_9allocatorIS4_EEE16__on_zero_sharedEv examined=1 blocked_escaped=0 blocked_mutated=1 annotated=0
[CRS-STAT] StaticMutability: fn=_ZNK18ThresholdPredicate4testEPKh examined=2 blocked_escaped=0 blocked_mutated=0 annotated=2
[CRS-STAT] StaticMutability: fn=specialized_wrapper_0_93825108042480_lambda examined=1 blocked_escaped=0 blocked_mutated=0 annotated=1
[CRS-STAT] InvariantLoadToConst: fn=_ZNK18ThresholdPredicate4testEPKh candidates=2 replaced=0
[CRS-STAT] InvariantLoadToConst: fn=specialized_wrapper_0_93825108042480_lambda candidates=1 replaced=0
[CRS-STAT] StaticMutability: fn=_ZNSt3__120__shared_ptr_emplaceIN4llvm3orc17ThreadSafeContext5StateENS_9allocatorIS4_EEE16__on_zero_sharedEv examined=1 blocked_escaped=0 blocked_mutated=1 annotated=0
[CRS-STAT] StaticMutability: fn=_ZNK18ThresholdPredicate4testEPKh examined=2 blocked_escaped=0 blocked_mutated=0 annotated=2
[CRS-STAT] InvariantLoadToConst: fn=_ZNK18ThresholdPredicate4testEPKh candidates=2 replaced=0
[CRS-STAT] StaticMutability: fn=specialized_wrapper_0_93825108042480_lambda examined=1 blocked_escaped=0 blocked_mutated=0 annotated=1
[CRS-STAT] InvariantLoadToConst: fn=specialized_wrapper_0_93825108042480_lambda candidates=1 replaced=0
[CRS-STAT] StaticMutability: fn=_ZN23clangRuntimeSpecializer6detail21__crs_lambda_op_proxyIlZ47create_count_matching_rows_abstract_specializediidE3$_0JPKhlEEET_PT0_DpT1_ examined=3 blocked_escaped=0 blocked_mutated=0 annotated=3
[CRS-STAT] StaticMutability: fn=_ZNSt3__120__shared_ptr_emplaceIN4llvm3orc17ThreadSafeContext5StateENS_9allocatorIS4_EEE16__on_zero_sharedEv examined=1 blocked_escaped=0 blocked_mutated=1 annotated=0
[CRS-STAT] StaticMutability: fn=_ZNK18ThresholdPredicate4testEPKh examined=2 blocked_escaped=0 blocked_mutated=0 annotated=2
[CRS-STAT] InvariantLoadToConst: fn=_ZNK18ThresholdPredicate4testEPKh candidates=2 replaced=0
[CRS-STAT] InvariantLoadToConst: fn=specialized_wrapper_1_93825108042480_lambda candidates=3 replaced=2
[CRS-STAT] StaticMutability: fn=_ZNSt3__120__shared_ptr_emplaceIN4llvm3orc17ThreadSafeContext5StateENS_9allocatorIS4_EEE16__on_zero_sharedEv examined=1 blocked_escaped=0 blocked_mutated=1 annotated=0
[CRS-STAT] StaticMutability: fn=_ZNK18ThresholdPredicate4testEPKh examined=2 blocked_escaped=0 blocked_mutated=0 annotated=2
[CRS-STAT] StaticMutability: fn=specialized_wrapper_1_93825108042480_lambda examined=1 blocked_escaped=0 blocked_mutated=0 annotated=1
[CRS-STAT] InvariantLoadToConst: fn=_ZNK18ThresholdPredicate4testEPKh candidates=2 replaced=0
[CRS-STAT] InvariantLoadToConst: fn=specialized_wrapper_1_93825108042480_lambda candidates=1 replaced=0
[CRS-STAT] StaticMutability: fn=_ZNSt3__120__shared_ptr_emplaceIN4llvm3orc17ThreadSafeContext5StateENS_9allocatorIS4_EEE16__on_zero_sharedEv examined=1 blocked_escaped=0 blocked_mutated=1 annotated=0
[CRS-STAT] StaticMutability: fn=_ZNK18ThresholdPredicate4testEPKh examined=2 blocked_escaped=0 blocked_mutated=0 annotated=2
[CRS-STAT] InvariantLoadToConst: fn=_ZNK18ThresholdPredicate4testEPKh candidates=2 replaced=0
[CRS-STAT] StaticMutability: fn=specialized_wrapper_1_93825108042480_lambda examined=1 blocked_escaped=0 blocked_mutated=0 annotated=1
[CRS-STAT] InvariantLoadToConst: fn=specialized_wrapper_1_93825108042480_lambda candidates=1 replaced=0
[CRS-STAT] StaticMutability: fn=_ZNSt3__120__shared_ptr_emplaceIN4llvm3orc17ThreadSafeContext5StateENS_9allocatorIS4_EEE16__on_zero_sharedEv examined=1 blocked_escaped=0 blocked_mutated=1 annotated=0
[CRS-STAT] StaticMutability: fn=_ZNK18ThresholdPredicate4testEPKh examined=2 blocked_escaped=0 blocked_mutated=0 annotated=2
[CRS-STAT] StaticMutability: fn=specialized_wrapper_1_93825108042480_lambda examined=1 blocked_escaped=0 blocked_mutated=0 annotated=1
[CRS-STAT] InvariantLoadToConst: fn=_ZNK18ThresholdPredicate4testEPKh candidates=2 replaced=0
[CRS-STAT] InvariantLoadToConst: fn=specialized_wrapper_1_93825108042480_lambda candidates=1 replaced=0
[CRS-STAT] StaticMutability: fn=_ZNSt3__120__shared_ptr_emplaceIN4llvm3orc17ThreadSafeContext5StateENS_9allocatorIS4_EEE16__on_zero_sharedEv examined=1 blocked_escaped=0 blocked_mutated=1 annotated=0
[CRS-STAT] StaticMutability: fn=_ZNK18ThresholdPredicate4testEPKh examined=2 blocked_escaped=0 blocked_mutated=0 annotated=2
[CRS-STAT] InvariantLoadToConst: fn=_ZNK18ThresholdPredicate4testEPKh candidates=2 replaced=0
[CRS-STAT] StaticMutability: fn=specialized_wrapper_1_93825108042480_lambda examined=1 blocked_escaped=0 blocked_mutated=0 annotated=1
[CRS-STAT] InvariantLoadToConst: fn=specialized_wrapper_1_93825108042480_lambda candidates=1 replaced=0
[CRS-STAT] StaticMutability: fn=_ZNSt3__120__shared_ptr_emplaceIN4llvm3orc17ThreadSafeContext5StateENS_9allocatorIS4_EEE16__on_zero_sharedEv examined=1 blocked_escaped=0 blocked_mutated=1 annotated=0
[CRS-STAT] StaticMutability: fn=_ZNK18ThresholdPredicate4testEPKh examined=2 blocked_escaped=0 blocked_mutated=0 annotated=2
[CRS-STAT] StaticMutability: fn=specialized_wrapper_1_93825108042480_lambda examined=1 blocked_escaped=0 blocked_mutated=0 annotated=1
[CRS-STAT] InvariantLoadToConst: fn=_ZNK18ThresholdPredicate4testEPKh candidates=2 replaced=0
[CRS-STAT] InvariantLoadToConst: fn=specialized_wrapper_1_93825108042480_lambda candidates=1 replaced=0
[CRS-STAT] StaticMutability: fn=_ZNSt3__120__shared_ptr_emplaceIN4llvm3orc17ThreadSafeContext5StateENS_9allocatorIS4_EEE16__on_zero_sharedEv examined=1 blocked_escaped=0 blocked_mutated=1 annotated=0
[CRS-STAT] StaticMutability: fn=_ZNK18ThresholdPredicate4testEPKh examined=2 blocked_escaped=0 blocked_mutated=0 annotated=2
[CRS-STAT] InvariantLoadToConst: fn=_ZNK18ThresholdPredicate4testEPKh candidates=2 replaced=0
[CRS-STAT] StaticMutability: fn=specialized_wrapper_1_93825108042480_lambda examined=1 blocked_escaped=0 blocked_mutated=0 annotated=1
[CRS-STAT] InvariantLoadToConst: fn=specialized_wrapper_1_93825108042480_lambda candidates=1 replaced=0
[CRS-STAT] StaticMutability: fn=_ZNSt3__120__shared_ptr_emplaceIN4llvm3orc17ThreadSafeContext5StateENS_9allocatorIS4_EEE16__on_zero_sharedEv examined=1 blocked_escaped=0 blocked_mutated=1 annotated=0
[CRS-STAT] StaticMutability: fn=_ZNK18ThresholdPredicate4testEPKh examined=2 blocked_escaped=0 blocked_mutated=0 annotated=2
[CRS-STAT] StaticMutability: fn=specialized_wrapper_1_93825108042480_lambda examined=1 blocked_escaped=0 blocked_mutated=0 annotated=1
[CRS-STAT] InvariantLoadToConst: fn=_ZNK18ThresholdPredicate4testEPKh candidates=2 replaced=0
[CRS-STAT] InvariantLoadToConst: fn=specialized_wrapper_1_93825108042480_lambda candidates=1 replaced=0
[CRS-STAT] StaticMutability: fn=_ZNSt3__120__shared_ptr_emplaceIN4llvm3orc17ThreadSafeContext5StateENS_9allocatorIS4_EEE16__on_zero_sharedEv examined=1 blocked_escaped=0 blocked_mutated=1 annotated=0
[CRS-STAT] StaticMutability: fn=_ZNK18ThresholdPredicate4testEPKh examined=2 blocked_escaped=0 blocked_mutated=0 annotated=2
[CRS-STAT] InvariantLoadToConst: fn=_ZNK18ThresholdPredicate4testEPKh candidates=2 replaced=0
[CRS-STAT] StaticMutability: fn=specialized_wrapper_1_93825108042480_lambda examined=1 blocked_escaped=0 blocked_mutated=0 annotated=1
[CRS-STAT] InvariantLoadToConst: fn=specialized_wrapper_1_93825108042480_lambda candidates=1 replaced=0
[CRS init] blobs=66  bitcode=59525 KB  functions=4541  instructions=447338
--------------------------------------------------------------------------------------------------------------------------------------------------
Benchmark                                                                                                        Time             CPU   Iterations
--------------------------------------------------------------------------------------------------------------------------------------------------
BM_g:uc1_sql;n:count_matching_rows;a:abstract;s:LARGE;t:jit_overhead;/30000000/iterations:1/manual_time      0.000 ms         78.6 ms            1
