2026-06-20T12:53:15+02:00
Running /home/Jakob.Gerhardt/CLionProjects/Masterarbeit/llvm/llvm/build/release/tools/runtime-specialization/benchmarks/AllBenchmarks
Run on (16 X 479.339 MHz CPU s)
CPU Caches:
  L1 Data 48 KiB (x8)
  L1 Instruction 32 KiB (x8)
  L2 Unified 1280 KiB (x8)
  L3 Unified 24576 KiB (x1)
Load Average: 9.08, 14.08, 9.93
[CRS-STAT] StaticMutability: fn=_ZN23clangRuntimeSpecializer6detail21__crs_lambda_op_proxyIlZ38create_multi_predicate_low_specializediiiddE3$_0JPKhlEEET_PT0_DpT1_ examined=5 blocked_escaped=0 blocked_mutated=0 annotated=5
[CRS-STAT] StaticMutability: fn=_ZNSt3__120__shared_ptr_emplaceIN4llvm3orc17ThreadSafeContext5StateENS_9allocatorIS4_EEE16__on_zero_sharedEv examined=1 blocked_escaped=0 blocked_mutated=1 annotated=0
[CRS-STAT] StaticMutability: fn=_ZN23clangRuntimeSpecializer6detail21__crs_lambda_op_proxyIlZ38create_multi_predicate_low_specializediiiddE3$_0JPKhlEEET_PT0_DpT1_ examined=5 blocked_escaped=0 blocked_mutated=0 annotated=5
[CRS-STAT] StaticMutability: fn=_ZNSt3__120__shared_ptr_emplaceIN4llvm3orc17ThreadSafeContext5StateENS_9allocatorIS4_EEE16__on_zero_sharedEv examined=1 blocked_escaped=0 blocked_mutated=1 annotated=0
[CRS-STAT] InvariantLoadToConst: fn=_ZN23clangRuntimeSpecializer6detail21__crs_lambda_op_proxyIlZ38create_multi_predicate_low_specializediiiddE3$_0JPKhlEEET_PT0_DpT1_ candidates=5 replaced=0
[CRS-STAT] StaticMutability: fn=_ZNSt3__120__shared_ptr_emplaceIN4llvm3orc17ThreadSafeContext5StateENS_9allocatorIS4_EEE16__on_zero_sharedEv examined=1 blocked_escaped=0 blocked_mutated=1 annotated=0
[CRS-STAT] StaticMutability: fn=specialized_wrapper_0_93825108040688_lambda examined=5 blocked_escaped=0 blocked_mutated=0 annotated=5
[CRS-STAT] InvariantLoadToConst: fn=specialized_wrapper_0_93825108040688_lambda candidates=5 replaced=5
[CRS-STAT] StaticMutability: fn=_ZNSt3__120__shared_ptr_emplaceIN4llvm3orc17ThreadSafeContext5StateENS_9allocatorIS4_EEE16__on_zero_sharedEv examined=1 blocked_escaped=0 blocked_mutated=1 annotated=0
[CRS-STAT] StaticMutability: fn=_ZN23clangRuntimeSpecializer6detail21__crs_lambda_op_proxyIlZ38create_multi_predicate_low_specializediiiddE3$_0JPKhlEEET_PT0_DpT1_ examined=5 blocked_escaped=0 blocked_mutated=0 annotated=5
[CRS-STAT] StaticMutability: fn=_ZNSt3__120__shared_ptr_emplaceIN4llvm3orc17ThreadSafeContext5StateENS_9allocatorIS4_EEE16__on_zero_sharedEv examined=1 blocked_escaped=0 blocked_mutated=1 annotated=0
[CRS-STAT] StaticMutability: fn=_ZN23clangRuntimeSpecializer6detail21__crs_lambda_op_proxyIlZ38create_multi_predicate_low_specializediiiddE3$_0JPKhlEEET_PT0_DpT1_ examined=5 blocked_escaped=0 blocked_mutated=0 annotated=5
[CRS-STAT] StaticMutability: fn=_ZNSt3__120__shared_ptr_emplaceIN4llvm3orc17ThreadSafeContext5StateENS_9allocatorIS4_EEE16__on_zero_sharedEv examined=1 blocked_escaped=0 blocked_mutated=1 annotated=0
[CRS-STAT] InvariantLoadToConst: fn=_ZN23clangRuntimeSpecializer6detail21__crs_lambda_op_proxyIlZ38create_multi_predicate_low_specializediiiddE3$_0JPKhlEEET_PT0_DpT1_ candidates=5 replaced=0
[CRS-STAT] StaticMutability: fn=_ZNSt3__120__shared_ptr_emplaceIN4llvm3orc17ThreadSafeContext5StateENS_9allocatorIS4_EEE16__on_zero_sharedEv examined=1 blocked_escaped=0 blocked_mutated=1 annotated=0
[CRS-STAT] StaticMutability: fn=specialized_wrapper_1_93825108040688_lambda examined=5 blocked_escaped=0 blocked_mutated=0 annotated=5
[CRS-STAT] InvariantLoadToConst: fn=specialized_wrapper_1_93825108040688_lambda candidates=5 replaced=5
[CRS-STAT] StaticMutability: fn=_ZNSt3__120__shared_ptr_emplaceIN4llvm3orc17ThreadSafeContext5StateENS_9allocatorIS4_EEE16__on_zero_sharedEv examined=1 blocked_escaped=0 blocked_mutated=1 annotated=0
[CRS-STAT] StaticMutability: fn=_ZN23clangRuntimeSpecializer6detail21__crs_lambda_op_proxyIlZ38create_multi_predicate_low_specializediiiddE3$_0JPKhlEEET_PT0_DpT1_ examined=5 blocked_escaped=0 blocked_mutated=0 annotated=5
[CRS-STAT] StaticMutability: fn=_ZNSt3__120__shared_ptr_emplaceIN4llvm3orc17ThreadSafeContext5StateENS_9allocatorIS4_EEE16__on_zero_sharedEv examined=1 blocked_escaped=0 blocked_mutated=1 annotated=0
[CRS-STAT] StaticMutability: fn=_ZN23clangRuntimeSpecializer6detail21__crs_lambda_op_proxyIlZ38create_multi_predicate_low_specializediiiddE3$_0JPKhlEEET_PT0_DpT1_ examined=5 blocked_escaped=0 blocked_mutated=0 annotated=5
[CRS-STAT] StaticMutability: fn=_ZNSt3__120__shared_ptr_emplaceIN4llvm3orc17ThreadSafeContext5StateENS_9allocatorIS4_EEE16__on_zero_sharedEv examined=1 blocked_escaped=0 blocked_mutated=1 annotated=0
[CRS-STAT] InvariantLoadToConst: fn=_ZN23clangRuntimeSpecializer6detail21__crs_lambda_op_proxyIlZ38create_multi_predicate_low_specializediiiddE3$_0JPKhlEEET_PT0_DpT1_ candidates=5 replaced=0
[CRS-STAT] StaticMutability: fn=_ZNSt3__120__shared_ptr_emplaceIN4llvm3orc17ThreadSafeContext5StateENS_9allocatorIS4_EEE16__on_zero_sharedEv examined=1 blocked_escaped=0 blocked_mutated=1 annotated=0
[CRS-STAT] StaticMutability: fn=specialized_wrapper_2_93825108040688_lambda examined=5 blocked_escaped=0 blocked_mutated=0 annotated=5
[CRS-STAT] InvariantLoadToConst: fn=specialized_wrapper_2_93825108040688_lambda candidates=5 replaced=5
[CRS-STAT] StaticMutability: fn=_ZNSt3__120__shared_ptr_emplaceIN4llvm3orc17ThreadSafeContext5StateENS_9allocatorIS4_EEE16__on_zero_sharedEv examined=1 blocked_escaped=0 blocked_mutated=1 annotated=0
[CRS init] blobs=66  bitcode=59525 KB  functions=4541  instructions=447338
---------------------------------------------------------------------------------------------------------------------
Benchmark                                                                           Time             CPU   Iterations
---------------------------------------------------------------------------------------------------------------------
BM_g:uc1_sql;n:multi_predicate;a:low;s:MEDIUM;t:specialized_exec;/10000000       91.3 ms         91.3 ms            8
