2026-06-20T13:48:04+02:00
Running /home/Jakob.Gerhardt/CLionProjects/Masterarbeit/llvm/llvm/build/release/tools/runtime-specialization/benchmarks/AllBenchmarks
Run on (16 X 2262.97 MHz CPU s)
CPU Caches:
  L1 Data 48 KiB (x8)
  L1 Instruction 32 KiB (x8)
  L2 Unified 1280 KiB (x8)
  L3 Unified 24576 KiB (x1)
Load Average: 4.91, 4.91, 5.12
[CRS-STAT] StaticMutability: fn=_ZNK14MultiKeySorter4sortEPvl examined=11 blocked_escaped=0 blocked_mutated=0 annotated=11
[CRS-STAT] StaticMutability: fn=_ZN23clangRuntimeSpecializer6detail21__crs_lambda_op_proxyIvZ42create_multi_key_sort_tradeoff_specializediiiE3$_0JPvlEEET_PT0_DpT1_ examined=2 blocked_escaped=0 blocked_mutated=0 annotated=2
[CRS-STAT] StaticMutability: fn=_ZNSt3__120__shared_ptr_emplaceIN4llvm3orc17ThreadSafeContext5StateENS_9allocatorIS4_EEE16__on_zero_sharedEv examined=1 blocked_escaped=0 blocked_mutated=1 annotated=0
[CRS-STAT] InvariantLoadToConst: fn=_ZNK14MultiKeySorter4sortEPvl candidates=11 replaced=0
[CRS-STAT] InvariantLoadToConst: fn=specialized_wrapper_0_93825108267904_lambda candidates=2 replaced=1
[CRS-STAT] StaticMutability: fn=_ZNK14MultiKeySorter4sortEPvl examined=11 blocked_escaped=0 blocked_mutated=0 annotated=11
[CRS-STAT] StaticMutability: fn=_ZNSt3__120__shared_ptr_emplaceIN4llvm3orc17ThreadSafeContext5StateENS_9allocatorIS4_EEE16__on_zero_sharedEv examined=1 blocked_escaped=0 blocked_mutated=1 annotated=0
[CRS-STAT] StaticMutability: fn=specialized_wrapper_0_93825108267904_lambda examined=1 blocked_escaped=0 blocked_mutated=0 annotated=1
[CRS-STAT] InvariantLoadToConst: fn=_ZNK14MultiKeySorter4sortEPvl candidates=11 replaced=0
[CRS-STAT] InvariantLoadToConst: fn=specialized_wrapper_0_93825108267904_lambda candidates=1 replaced=0
[CRS-STAT] StaticMutability: fn=_ZNK14MultiKeySorter4sortEPvl examined=8 blocked_escaped=0 blocked_mutated=0 annotated=8
[CRS-STAT] InvariantLoadToConst: fn=_ZNK14MultiKeySorter4sortEPvl candidates=8 replaced=0
[CRS-STAT] StaticMutability: fn=_ZNSt3__120__shared_ptr_emplaceIN4llvm3orc17ThreadSafeContext5StateENS_9allocatorIS4_EEE16__on_zero_sharedEv examined=1 blocked_escaped=0 blocked_mutated=1 annotated=0
[CRS-STAT] StaticMutability: fn=specialized_wrapper_0_93825108267904_lambda examined=1 blocked_escaped=0 blocked_mutated=0 annotated=1
[CRS-STAT] InvariantLoadToConst: fn=specialized_wrapper_0_93825108267904_lambda candidates=1 replaced=0
[CRS-STAT] StaticMutability: fn=_ZNK14MultiKeySorter4sortEPvl examined=9 blocked_escaped=0 blocked_mutated=0 annotated=9
[CRS-STAT] StaticMutability: fn=_ZNSt3__120__shared_ptr_emplaceIN4llvm3orc17ThreadSafeContext5StateENS_9allocatorIS4_EEE16__on_zero_sharedEv examined=1 blocked_escaped=0 blocked_mutated=1 annotated=0
[CRS-STAT] StaticMutability: fn=specialized_wrapper_0_93825108267904_lambda examined=1 blocked_escaped=0 blocked_mutated=0 annotated=1
[CRS-STAT] InvariantLoadToConst: fn=_ZNK14MultiKeySorter4sortEPvl candidates=9 replaced=0
[CRS-STAT] InvariantLoadToConst: fn=specialized_wrapper_0_93825108267904_lambda candidates=1 replaced=0
[CRS-STAT] StaticMutability: fn=_ZNK14MultiKeySorter4sortEPvl examined=3 blocked_escaped=0 blocked_mutated=0 annotated=3
[CRS-STAT] InvariantLoadToConst: fn=_ZNK14MultiKeySorter4sortEPvl candidates=3 replaced=0
[CRS-STAT] StaticMutability: fn=_ZNSt3__120__shared_ptr_emplaceIN4llvm3orc17ThreadSafeContext5StateENS_9allocatorIS4_EEE16__on_zero_sharedEv examined=1 blocked_escaped=0 blocked_mutated=1 annotated=0
[CRS-STAT] StaticMutability: fn=specialized_wrapper_0_93825108267904_lambda examined=1 blocked_escaped=0 blocked_mutated=0 annotated=1
[CRS-STAT] InvariantLoadToConst: fn=specialized_wrapper_0_93825108267904_lambda candidates=1 replaced=0
[CRS-STAT] StaticMutability: fn=_ZNK14MultiKeySorter4sortEPvl examined=3 blocked_escaped=0 blocked_mutated=0 annotated=3
[CRS-STAT] StaticMutability: fn=_ZNSt3__120__shared_ptr_emplaceIN4llvm3orc17ThreadSafeContext5StateENS_9allocatorIS4_EEE16__on_zero_sharedEv examined=1 blocked_escaped=0 blocked_mutated=1 annotated=0
[CRS-STAT] StaticMutability: fn=specialized_wrapper_0_93825108267904_lambda examined=1 blocked_escaped=0 blocked_mutated=0 annotated=1
[CRS-STAT] InvariantLoadToConst: fn=_ZNK14MultiKeySorter4sortEPvl candidates=3 replaced=0
[CRS-STAT] InvariantLoadToConst: fn=specialized_wrapper_0_93825108267904_lambda candidates=1 replaced=0
[CRS-STAT] StaticMutability: fn=_ZNK14MultiKeySorter4sortEPvl examined=3 blocked_escaped=0 blocked_mutated=0 annotated=3
[CRS-STAT] InvariantLoadToConst: fn=_ZNK14MultiKeySorter4sortEPvl candidates=3 replaced=0
[CRS-STAT] StaticMutability: fn=_ZNSt3__120__shared_ptr_emplaceIN4llvm3orc17ThreadSafeContext5StateENS_9allocatorIS4_EEE16__on_zero_sharedEv examined=1 blocked_escaped=0 blocked_mutated=1 annotated=0
[CRS-STAT] StaticMutability: fn=specialized_wrapper_0_93825108267904_lambda examined=1 blocked_escaped=0 blocked_mutated=0 annotated=1
[CRS-STAT] InvariantLoadToConst: fn=specialized_wrapper_0_93825108267904_lambda candidates=1 replaced=0
[CRS-STAT] StaticMutability: fn=_ZNK14MultiKeySorter4sortEPvl examined=11 blocked_escaped=0 blocked_mutated=0 annotated=11
[CRS-STAT] StaticMutability: fn=_ZN23clangRuntimeSpecializer6detail21__crs_lambda_op_proxyIvZ42create_multi_key_sort_tradeoff_specializediiiE3$_0JPvlEEET_PT0_DpT1_ examined=2 blocked_escaped=0 blocked_mutated=0 annotated=2
[CRS-STAT] StaticMutability: fn=_ZNSt3__120__shared_ptr_emplaceIN4llvm3orc17ThreadSafeContext5StateENS_9allocatorIS4_EEE16__on_zero_sharedEv examined=1 blocked_escaped=0 blocked_mutated=1 annotated=0
[CRS-STAT] InvariantLoadToConst: fn=_ZNK14MultiKeySorter4sortEPvl candidates=11 replaced=0
[CRS-STAT] InvariantLoadToConst: fn=specialized_wrapper_1_93825108267904_lambda candidates=2 replaced=1
[CRS-STAT] StaticMutability: fn=_ZNK14MultiKeySorter4sortEPvl examined=11 blocked_escaped=0 blocked_mutated=0 annotated=11
[CRS-STAT] StaticMutability: fn=_ZNSt3__120__shared_ptr_emplaceIN4llvm3orc17ThreadSafeContext5StateENS_9allocatorIS4_EEE16__on_zero_sharedEv examined=1 blocked_escaped=0 blocked_mutated=1 annotated=0
[CRS-STAT] StaticMutability: fn=specialized_wrapper_1_93825108267904_lambda examined=1 blocked_escaped=0 blocked_mutated=0 annotated=1
[CRS-STAT] InvariantLoadToConst: fn=_ZNK14MultiKeySorter4sortEPvl candidates=11 replaced=0
[CRS-STAT] InvariantLoadToConst: fn=specialized_wrapper_1_93825108267904_lambda candidates=1 replaced=0
[CRS-STAT] StaticMutability: fn=_ZNK14MultiKeySorter4sortEPvl examined=8 blocked_escaped=0 blocked_mutated=0 annotated=8
[CRS-STAT] InvariantLoadToConst: fn=_ZNK14MultiKeySorter4sortEPvl candidates=8 replaced=0
[CRS-STAT] StaticMutability: fn=_ZNSt3__120__shared_ptr_emplaceIN4llvm3orc17ThreadSafeContext5StateENS_9allocatorIS4_EEE16__on_zero_sharedEv examined=1 blocked_escaped=0 blocked_mutated=1 annotated=0
[CRS-STAT] StaticMutability: fn=specialized_wrapper_1_93825108267904_lambda examined=1 blocked_escaped=0 blocked_mutated=0 annotated=1
[CRS-STAT] InvariantLoadToConst: fn=specialized_wrapper_1_93825108267904_lambda candidates=1 replaced=0
[CRS-STAT] StaticMutability: fn=_ZNK14MultiKeySorter4sortEPvl examined=9 blocked_escaped=0 blocked_mutated=0 annotated=9
[CRS-STAT] StaticMutability: fn=_ZNSt3__120__shared_ptr_emplaceIN4llvm3orc17ThreadSafeContext5StateENS_9allocatorIS4_EEE16__on_zero_sharedEv examined=1 blocked_escaped=0 blocked_mutated=1 annotated=0
[CRS-STAT] StaticMutability: fn=specialized_wrapper_1_93825108267904_lambda examined=1 blocked_escaped=0 blocked_mutated=0 annotated=1
[CRS-STAT] InvariantLoadToConst: fn=_ZNK14MultiKeySorter4sortEPvl candidates=9 replaced=0
[CRS-STAT] InvariantLoadToConst: fn=specialized_wrapper_1_93825108267904_lambda candidates=1 replaced=0
[CRS-STAT] StaticMutability: fn=_ZNK14MultiKeySorter4sortEPvl examined=3 blocked_escaped=0 blocked_mutated=0 annotated=3
[CRS-STAT] InvariantLoadToConst: fn=_ZNK14MultiKeySorter4sortEPvl candidates=3 replaced=0
[CRS-STAT] StaticMutability: fn=_ZNSt3__120__shared_ptr_emplaceIN4llvm3orc17ThreadSafeContext5StateENS_9allocatorIS4_EEE16__on_zero_sharedEv examined=1 blocked_escaped=0 blocked_mutated=1 annotated=0
[CRS-STAT] StaticMutability: fn=specialized_wrapper_1_93825108267904_lambda examined=1 blocked_escaped=0 blocked_mutated=0 annotated=1
[CRS-STAT] InvariantLoadToConst: fn=specialized_wrapper_1_93825108267904_lambda candidates=1 replaced=0
[CRS-STAT] StaticMutability: fn=_ZNK14MultiKeySorter4sortEPvl examined=3 blocked_escaped=0 blocked_mutated=0 annotated=3
[CRS-STAT] StaticMutability: fn=_ZNSt3__120__shared_ptr_emplaceIN4llvm3orc17ThreadSafeContext5StateENS_9allocatorIS4_EEE16__on_zero_sharedEv examined=1 blocked_escaped=0 blocked_mutated=1 annotated=0
[CRS-STAT] StaticMutability: fn=specialized_wrapper_1_93825108267904_lambda examined=1 blocked_escaped=0 blocked_mutated=0 annotated=1
[CRS-STAT] InvariantLoadToConst: fn=_ZNK14MultiKeySorter4sortEPvl candidates=3 replaced=0
[CRS-STAT] InvariantLoadToConst: fn=specialized_wrapper_1_93825108267904_lambda candidates=1 replaced=0
[CRS-STAT] StaticMutability: fn=_ZNK14MultiKeySorter4sortEPvl examined=3 blocked_escaped=0 blocked_mutated=0 annotated=3
[CRS-STAT] InvariantLoadToConst: fn=_ZNK14MultiKeySorter4sortEPvl candidates=3 replaced=0
[CRS-STAT] StaticMutability: fn=_ZNSt3__120__shared_ptr_emplaceIN4llvm3orc17ThreadSafeContext5StateENS_9allocatorIS4_EEE16__on_zero_sharedEv examined=1 blocked_escaped=0 blocked_mutated=1 annotated=0
[CRS-STAT] StaticMutability: fn=specialized_wrapper_1_93825108267904_lambda examined=1 blocked_escaped=0 blocked_mutated=0 annotated=1
[CRS-STAT] InvariantLoadToConst: fn=specialized_wrapper_1_93825108267904_lambda candidates=1 replaced=0
[CRS-STAT] StaticMutability: fn=_ZNK14MultiKeySorter4sortEPvl examined=11 blocked_escaped=0 blocked_mutated=0 annotated=11
[CRS-STAT] StaticMutability: fn=_ZN23clangRuntimeSpecializer6detail21__crs_lambda_op_proxyIvZ42create_multi_key_sort_tradeoff_specializediiiE3$_0JPvlEEET_PT0_DpT1_ examined=2 blocked_escaped=0 blocked_mutated=0 annotated=2
[CRS-STAT] StaticMutability: fn=_ZNSt3__120__shared_ptr_emplaceIN4llvm3orc17ThreadSafeContext5StateENS_9allocatorIS4_EEE16__on_zero_sharedEv examined=1 blocked_escaped=0 blocked_mutated=1 annotated=0
[CRS-STAT] InvariantLoadToConst: fn=_ZNK14MultiKeySorter4sortEPvl candidates=11 replaced=0
[CRS-STAT] InvariantLoadToConst: fn=specialized_wrapper_2_93825108267904_lambda candidates=2 replaced=1
[CRS-STAT] StaticMutability: fn=_ZNK14MultiKeySorter4sortEPvl examined=11 blocked_escaped=0 blocked_mutated=0 annotated=11
[CRS-STAT] StaticMutability: fn=_ZNSt3__120__shared_ptr_emplaceIN4llvm3orc17ThreadSafeContext5StateENS_9allocatorIS4_EEE16__on_zero_sharedEv examined=1 blocked_escaped=0 blocked_mutated=1 annotated=0
[CRS-STAT] StaticMutability: fn=specialized_wrapper_2_93825108267904_lambda examined=1 blocked_escaped=0 blocked_mutated=0 annotated=1
[CRS-STAT] InvariantLoadToConst: fn=_ZNK14MultiKeySorter4sortEPvl candidates=11 replaced=0
[CRS-STAT] InvariantLoadToConst: fn=specialized_wrapper_2_93825108267904_lambda candidates=1 replaced=0
[CRS-STAT] StaticMutability: fn=_ZNK14MultiKeySorter4sortEPvl examined=8 blocked_escaped=0 blocked_mutated=0 annotated=8
[CRS-STAT] InvariantLoadToConst: fn=_ZNK14MultiKeySorter4sortEPvl candidates=8 replaced=0
[CRS-STAT] StaticMutability: fn=_ZNSt3__120__shared_ptr_emplaceIN4llvm3orc17ThreadSafeContext5StateENS_9allocatorIS4_EEE16__on_zero_sharedEv examined=1 blocked_escaped=0 blocked_mutated=1 annotated=0
[CRS-STAT] StaticMutability: fn=specialized_wrapper_2_93825108267904_lambda examined=1 blocked_escaped=0 blocked_mutated=0 annotated=1
[CRS-STAT] InvariantLoadToConst: fn=specialized_wrapper_2_93825108267904_lambda candidates=1 replaced=0
[CRS-STAT] StaticMutability: fn=_ZNK14MultiKeySorter4sortEPvl examined=9 blocked_escaped=0 blocked_mutated=0 annotated=9
[CRS-STAT] StaticMutability: fn=_ZNSt3__120__shared_ptr_emplaceIN4llvm3orc17ThreadSafeContext5StateENS_9allocatorIS4_EEE16__on_zero_sharedEv examined=1 blocked_escaped=0 blocked_mutated=1 annotated=0
[CRS-STAT] StaticMutability: fn=specialized_wrapper_2_93825108267904_lambda examined=1 blocked_escaped=0 blocked_mutated=0 annotated=1
[CRS-STAT] InvariantLoadToConst: fn=_ZNK14MultiKeySorter4sortEPvl candidates=9 replaced=0
[CRS-STAT] InvariantLoadToConst: fn=specialized_wrapper_2_93825108267904_lambda candidates=1 replaced=0
[CRS-STAT] StaticMutability: fn=_ZNK14MultiKeySorter4sortEPvl examined=3 blocked_escaped=0 blocked_mutated=0 annotated=3
[CRS-STAT] InvariantLoadToConst: fn=_ZNK14MultiKeySorter4sortEPvl candidates=3 replaced=0
[CRS-STAT] StaticMutability: fn=_ZNSt3__120__shared_ptr_emplaceIN4llvm3orc17ThreadSafeContext5StateENS_9allocatorIS4_EEE16__on_zero_sharedEv examined=1 blocked_escaped=0 blocked_mutated=1 annotated=0
[CRS-STAT] StaticMutability: fn=specialized_wrapper_2_93825108267904_lambda examined=1 blocked_escaped=0 blocked_mutated=0 annotated=1
[CRS-STAT] InvariantLoadToConst: fn=specialized_wrapper_2_93825108267904_lambda candidates=1 replaced=0
[CRS-STAT] StaticMutability: fn=_ZNK14MultiKeySorter4sortEPvl examined=3 blocked_escaped=0 blocked_mutated=0 annotated=3
[CRS-STAT] StaticMutability: fn=_ZNSt3__120__shared_ptr_emplaceIN4llvm3orc17ThreadSafeContext5StateENS_9allocatorIS4_EEE16__on_zero_sharedEv examined=1 blocked_escaped=0 blocked_mutated=1 annotated=0
[CRS-STAT] StaticMutability: fn=specialized_wrapper_2_93825108267904_lambda examined=1 blocked_escaped=0 blocked_mutated=0 annotated=1
[CRS-STAT] InvariantLoadToConst: fn=_ZNK14MultiKeySorter4sortEPvl candidates=3 replaced=0
[CRS-STAT] InvariantLoadToConst: fn=specialized_wrapper_2_93825108267904_lambda candidates=1 replaced=0
[CRS-STAT] StaticMutability: fn=_ZNK14MultiKeySorter4sortEPvl examined=3 blocked_escaped=0 blocked_mutated=0 annotated=3
[CRS-STAT] InvariantLoadToConst: fn=_ZNK14MultiKeySorter4sortEPvl candidates=3 replaced=0
[CRS-STAT] StaticMutability: fn=_ZNSt3__120__shared_ptr_emplaceIN4llvm3orc17ThreadSafeContext5StateENS_9allocatorIS4_EEE16__on_zero_sharedEv examined=1 blocked_escaped=0 blocked_mutated=1 annotated=0
[CRS-STAT] StaticMutability: fn=specialized_wrapper_2_93825108267904_lambda examined=1 blocked_escaped=0 blocked_mutated=0 annotated=1
[CRS-STAT] InvariantLoadToConst: fn=specialized_wrapper_2_93825108267904_lambda candidates=1 replaced=0
[CRS init] blobs=66  bitcode=59525 KB  functions=4541  instructions=447338
------------------------------------------------------------------------------------------------------------------------
Benchmark                                                                              Time             CPU   Iterations
------------------------------------------------------------------------------------------------------------------------
BM_g:uc14_sort;n:multi_key_sort;a:tradeoff;s:SMALL;t:specialized_exec;/750000        163 ms          163 ms            4
