2026-06-20T13:35:29+02:00
Running /home/Jakob.Gerhardt/CLionProjects/Masterarbeit/llvm/llvm/build/release/tools/runtime-specialization/benchmarks/AllBenchmarks
Run on (16 X 2497.77 MHz CPU s)
CPU Caches:
  L1 Data 48 KiB (x8)
  L1 Instruction 32 KiB (x8)
  L2 Unified 1280 KiB (x8)
  L3 Unified 24576 KiB (x1)
Load Average: 5.14, 5.06, 5.41
[CRS-STAT] StaticMutability: fn=_ZNK11FieldSorter11sort_fieldsEPvl examined=6 blocked_escaped=0 blocked_mutated=0 annotated=6
[CRS-STAT] StaticMutability: fn=_ZN23clangRuntimeSpecializer6detail21__crs_lambda_op_proxyIvZ39create_struct_sort_tradeoff_specializediiE3$_0JPvlEEET_PT0_DpT1_ examined=1 blocked_escaped=0 blocked_mutated=0 annotated=1
[CRS-STAT] StaticMutability: fn=_ZNSt3__120__shared_ptr_emplaceIN4llvm3orc17ThreadSafeContext5StateENS_9allocatorIS4_EEE16__on_zero_sharedEv examined=1 blocked_escaped=0 blocked_mutated=1 annotated=0
[CRS-STAT] StaticMutability: fn=_ZNK11FieldSorter11sort_fieldsEPvl examined=6 blocked_escaped=0 blocked_mutated=0 annotated=6
[CRS-STAT] StaticMutability: fn=_ZN23clangRuntimeSpecializer6detail21__crs_lambda_op_proxyIvZ39create_struct_sort_tradeoff_specializediiE3$_0JPvlEEET_PT0_DpT1_ examined=1 blocked_escaped=0 blocked_mutated=0 annotated=1
[CRS-STAT] StaticMutability: fn=_ZNSt3__120__shared_ptr_emplaceIN4llvm3orc17ThreadSafeContext5StateENS_9allocatorIS4_EEE16__on_zero_sharedEv examined=1 blocked_escaped=0 blocked_mutated=1 annotated=0
[CRS-STAT] InvariantLoadToConst: fn=_ZNK11FieldSorter11sort_fieldsEPvl candidates=6 replaced=0
[CRS-STAT] InvariantLoadToConst: fn=_ZN23clangRuntimeSpecializer6detail21__crs_lambda_op_proxyIvZ39create_struct_sort_tradeoff_specializediiE3$_0JPvlEEET_PT0_DpT1_ candidates=1 replaced=0
[CRS-STAT] StaticMutability: fn=_ZNK11FieldSorter11sort_fieldsEPvl examined=6 blocked_escaped=0 blocked_mutated=0 annotated=6
[CRS-STAT] StaticMutability: fn=_ZNSt3__120__shared_ptr_emplaceIN4llvm3orc17ThreadSafeContext5StateENS_9allocatorIS4_EEE16__on_zero_sharedEv examined=1 blocked_escaped=0 blocked_mutated=1 annotated=0
[CRS-STAT] StaticMutability: fn=specialized_wrapper_0_93825108267120_lambda examined=1 blocked_escaped=0 blocked_mutated=0 annotated=1
[CRS-STAT] InvariantLoadToConst: fn=_ZNK11FieldSorter11sort_fieldsEPvl candidates=6 replaced=0
[CRS-STAT] InvariantLoadToConst: fn=specialized_wrapper_0_93825108267120_lambda candidates=1 replaced=0
