2026-06-20T13:24:56+02:00
Running /home/Jakob.Gerhardt/CLionProjects/Masterarbeit/llvm/llvm/build/release/tools/runtime-specialization/benchmarks/AllBenchmarks
Run on (16 X 531.788 MHz CPU s)
CPU Caches:
  L1 Data 48 KiB (x8)
  L1 Instruction 32 KiB (x8)
  L2 Unified 1280 KiB (x8)
  L3 Unified 24576 KiB (x1)
Load Average: 4.67, 5.03, 5.77
[CRS-STAT] StaticMutability: fn=_ZNK6Sorter4sortEPvli examined=6 blocked_escaped=6 blocked_mutated=0 annotated=0
[CRS-STAT] StaticMutability: fn=_ZNK18Int64AscComparator7compareEPKvS1_ examined=2 blocked_escaped=0 blocked_mutated=0 annotated=2
[CRS-STAT] StaticMutability: fn=_ZN23clangRuntimeSpecializer6detail21__crs_lambda_op_proxyIvZ40create_generic_sort_abstract_specializediE3$_0JPvlEEET_PT0_DpT1_ examined=1 blocked_escaped=0 blocked_mutated=0 annotated=1
[CRS-STAT] StaticMutability: fn=_ZNSt3__120__shared_ptr_emplaceIN4llvm3orc17ThreadSafeContext5StateENS_9allocatorIS4_EEE16__on_zero_sharedEv examined=1 blocked_escaped=0 blocked_mutated=1 annotated=0
[CRS-STAT] InvariantLoadToConst: fn=_ZNK18Int64AscComparator7compareEPKvS1_ candidates=2 replaced=0
[CRS-STAT] InvariantLoadToConst: fn=specialized_wrapper_0_93825108030128_lambda candidates=1 replaced=1
[CRS-STAT] StaticMutability: fn=_ZNK6Sorter4sortEPvli examined=6 blocked_escaped=6 blocked_mutated=0 annotated=0
[CRS-STAT] StaticMutability: fn=_ZNK18Int64AscComparator7compareEPKvS1_ examined=2 blocked_escaped=0 blocked_mutated=0 annotated=2
[CRS-STAT] StaticMutability: fn=_ZNSt3__120__shared_ptr_emplaceIN4llvm3orc17ThreadSafeContext5StateENS_9allocatorIS4_EEE16__on_zero_sharedEv examined=1 blocked_escaped=0 blocked_mutated=1 annotated=0
[CRS-STAT] InvariantLoadToConst: fn=_ZNK18Int64AscComparator7compareEPKvS1_ candidates=2 replaced=0
[CRS-STAT] StaticMutability: fn=_ZNK18Int64AscComparator7compareEPKvS1_ examined=2 blocked_escaped=0 blocked_mutated=0 annotated=2
[CRS-STAT] InvariantLoadToConst: fn=_ZNK18Int64AscComparator7compareEPKvS1_ candidates=2 replaced=0
[CRS-STAT] StaticMutability: fn=_ZNSt3__120__shared_ptr_emplaceIN4llvm3orc17ThreadSafeContext5StateENS_9allocatorIS4_EEE16__on_zero_sharedEv examined=1 blocked_escaped=0 blocked_mutated=1 annotated=0
[CRS-STAT] StaticMutability: fn=_ZNK18Int64AscComparator7compareEPKvS1_ examined=2 blocked_escaped=0 blocked_mutated=0 annotated=2
[CRS-STAT] StaticMutability: fn=_ZNSt3__120__shared_ptr_emplaceIN4llvm3orc17ThreadSafeContext5StateENS_9allocatorIS4_EEE16__on_zero_sharedEv examined=1 blocked_escaped=0 blocked_mutated=1 annotated=0
[CRS-STAT] InvariantLoadToConst: fn=_ZNK18Int64AscComparator7compareEPKvS1_ candidates=2 replaced=0
[CRS-STAT] StaticMutability: fn=_ZNK18Int64AscComparator7compareEPKvS1_ examined=2 blocked_escaped=0 blocked_mutated=0 annotated=2
[CRS-STAT] InvariantLoadToConst: fn=_ZNK18Int64AscComparator7compareEPKvS1_ candidates=2 replaced=0
[CRS-STAT] StaticMutability: fn=_ZNSt3__120__shared_ptr_emplaceIN4llvm3orc17ThreadSafeContext5StateENS_9allocatorIS4_EEE16__on_zero_sharedEv examined=1 blocked_escaped=0 blocked_mutated=1 annotated=0
[CRS-STAT] StaticMutability: fn=_ZNK18Int64AscComparator7compareEPKvS1_ examined=2 blocked_escaped=0 blocked_mutated=0 annotated=2
[CRS-STAT] StaticMutability: fn=_ZNSt3__120__shared_ptr_emplaceIN4llvm3orc17ThreadSafeContext5StateENS_9allocatorIS4_EEE16__on_zero_sharedEv examined=1 blocked_escaped=0 blocked_mutated=1 annotated=0
[CRS-STAT] InvariantLoadToConst: fn=_ZNK18Int64AscComparator7compareEPKvS1_ candidates=2 replaced=0
[CRS-STAT] StaticMutability: fn=_ZNK18Int64AscComparator7compareEPKvS1_ examined=2 blocked_escaped=0 blocked_mutated=0 annotated=2
[CRS-STAT] InvariantLoadToConst: fn=_ZNK18Int64AscComparator7compareEPKvS1_ candidates=2 replaced=0
[CRS-STAT] StaticMutability: fn=_ZNSt3__120__shared_ptr_emplaceIN4llvm3orc17ThreadSafeContext5StateENS_9allocatorIS4_EEE16__on_zero_sharedEv examined=1 blocked_escaped=0 blocked_mutated=1 annotated=0
[CRS-STAT] StaticMutability: fn=_ZNK6Sorter4sortEPvli examined=6 blocked_escaped=6 blocked_mutated=0 annotated=0
[CRS-STAT] StaticMutability: fn=_ZNK18Int64AscComparator7compareEPKvS1_ examined=2 blocked_escaped=0 blocked_mutated=0 annotated=2
[CRS-STAT] StaticMutability: fn=_ZN23clangRuntimeSpecializer6detail21__crs_lambda_op_proxyIvZ40create_generic_sort_abstract_specializediE3$_0JPvlEEET_PT0_DpT1_ examined=1 blocked_escaped=0 blocked_mutated=0 annotated=1
[CRS-STAT] StaticMutability: fn=_ZNSt3__120__shared_ptr_emplaceIN4llvm3orc17ThreadSafeContext5StateENS_9allocatorIS4_EEE16__on_zero_sharedEv examined=1 blocked_escaped=0 blocked_mutated=1 annotated=0
[CRS-STAT] InvariantLoadToConst: fn=_ZNK18Int64AscComparator7compareEPKvS1_ candidates=2 replaced=0
[CRS-STAT] InvariantLoadToConst: fn=specialized_wrapper_1_93825108030128_lambda candidates=1 replaced=1
[CRS-STAT] StaticMutability: fn=_ZNK6Sorter4sortEPvli examined=6 blocked_escaped=6 blocked_mutated=0 annotated=0
[CRS-STAT] StaticMutability: fn=_ZNK18Int64AscComparator7compareEPKvS1_ examined=2 blocked_escaped=0 blocked_mutated=0 annotated=2
[CRS-STAT] StaticMutability: fn=_ZNSt3__120__shared_ptr_emplaceIN4llvm3orc17ThreadSafeContext5StateENS_9allocatorIS4_EEE16__on_zero_sharedEv examined=1 blocked_escaped=0 blocked_mutated=1 annotated=0
[CRS-STAT] InvariantLoadToConst: fn=_ZNK18Int64AscComparator7compareEPKvS1_ candidates=2 replaced=0
[CRS-STAT] StaticMutability: fn=_ZNK18Int64AscComparator7compareEPKvS1_ examined=2 blocked_escaped=0 blocked_mutated=0 annotated=2
[CRS-STAT] InvariantLoadToConst: fn=_ZNK18Int64AscComparator7compareEPKvS1_ candidates=2 replaced=0
[CRS-STAT] StaticMutability: fn=_ZNSt3__120__shared_ptr_emplaceIN4llvm3orc17ThreadSafeContext5StateENS_9allocatorIS4_EEE16__on_zero_sharedEv examined=1 blocked_escaped=0 blocked_mutated=1 annotated=0
[CRS-STAT] StaticMutability: fn=_ZNK18Int64AscComparator7compareEPKvS1_ examined=2 blocked_escaped=0 blocked_mutated=0 annotated=2
[CRS-STAT] StaticMutability: fn=_ZNSt3__120__shared_ptr_emplaceIN4llvm3orc17ThreadSafeContext5StateENS_9allocatorIS4_EEE16__on_zero_sharedEv examined=1 blocked_escaped=0 blocked_mutated=1 annotated=0
[CRS-STAT] InvariantLoadToConst: fn=_ZNK18Int64AscComparator7compareEPKvS1_ candidates=2 replaced=0
[CRS-STAT] StaticMutability: fn=_ZNK18Int64AscComparator7compareEPKvS1_ examined=2 blocked_escaped=0 blocked_mutated=0 annotated=2
[CRS-STAT] InvariantLoadToConst: fn=_ZNK18Int64AscComparator7compareEPKvS1_ candidates=2 replaced=0
[CRS-STAT] StaticMutability: fn=_ZNSt3__120__shared_ptr_emplaceIN4llvm3orc17ThreadSafeContext5StateENS_9allocatorIS4_EEE16__on_zero_sharedEv examined=1 blocked_escaped=0 blocked_mutated=1 annotated=0
[CRS-STAT] StaticMutability: fn=_ZNK18Int64AscComparator7compareEPKvS1_ examined=2 blocked_escaped=0 blocked_mutated=0 annotated=2
[CRS-STAT] StaticMutability: fn=_ZNSt3__120__shared_ptr_emplaceIN4llvm3orc17ThreadSafeContext5StateENS_9allocatorIS4_EEE16__on_zero_sharedEv examined=1 blocked_escaped=0 blocked_mutated=1 annotated=0
[CRS-STAT] InvariantLoadToConst: fn=_ZNK18Int64AscComparator7compareEPKvS1_ candidates=2 replaced=0
[CRS-STAT] StaticMutability: fn=_ZNK18Int64AscComparator7compareEPKvS1_ examined=2 blocked_escaped=0 blocked_mutated=0 annotated=2
[CRS-STAT] InvariantLoadToConst: fn=_ZNK18Int64AscComparator7compareEPKvS1_ candidates=2 replaced=0
[CRS-STAT] StaticMutability: fn=_ZNSt3__120__shared_ptr_emplaceIN4llvm3orc17ThreadSafeContext5StateENS_9allocatorIS4_EEE16__on_zero_sharedEv examined=1 blocked_escaped=0 blocked_mutated=1 annotated=0
[CRS init] blobs=66  bitcode=59525 KB  functions=4541  instructions=447338
---------------------------------------------------------------------------------------------------------------------------------------------
Benchmark                                                                                                   Time             CPU   Iterations
---------------------------------------------------------------------------------------------------------------------------------------------
BM_g:uc14_sort;n:generic_sort;a:abstract;s:LARGE;t:jit_overhead;/70000000/iterations:1/manual_time      0.000 ms         98.6 ms            1
