2026-06-20T12:35:08+02:00
Running /home/Jakob.Gerhardt/CLionProjects/Masterarbeit/llvm/llvm/build/release/tools/runtime-specialization/benchmarks/AllBenchmarks
Run on (16 X 2500.05 MHz CPU s)
CPU Caches:
  L1 Data 48 KiB (x8)
  L1 Instruction 32 KiB (x8)
  L2 Unified 1280 KiB (x8)
  L3 Unified 24576 KiB (x1)
Load Average: 6.31, 2.84, 2.04
[CRS-STAT] StaticMutability: fn=_ZN4llvm3orc17ThreadSafeContextC2ENSt3__110unique_ptrINS_11LLVMContextENS2_14default_deleteIS4_EEEE examined=1 blocked_escaped=0 blocked_mutated=1 annotated=0
[CRS-STAT] StaticMutability: fn=_ZNSt3__110unique_ptrIN4llvm11LLVMContextENS_14default_deleteIS2_EEED2B8ne210108Ev examined=1 blocked_escaped=0 blocked_mutated=1 annotated=0
[CRS-STAT] StaticMutability: fn=_ZNSt3__110unique_ptrIN4llvm6ModuleENS_14default_deleteIS2_EEED2B8ne210108Ev examined=1 blocked_escaped=0 blocked_mutated=1 annotated=0
[CRS-STAT] StaticMutability: fn=_ZN4llvm15ParserCallbacksD2Ev examined=6 blocked_escaped=0 blocked_mutated=0 annotated=6
[CRS-STAT] StaticMutability: fn=_ZN4llvm12SMDiagnosticD2Ev examined=14 blocked_escaped=0 blocked_mutated=0 annotated=14
[CRS-STAT] StaticMutability: fn=_ZN4llvm13IRBuilderBase10CreateCallEPNS_12FunctionTypeEPNS_5ValueENS_8ArrayRefIS4_EERKNS_5TwineEPNS_6MDNodeE examined=10 blocked_escaped=10 blocked_mutated=0 annotated=0
[CRS-STAT] StaticMutability: fn=_ZN4llvm13IRBuilderBase13CreateRetVoidEv examined=6 blocked_escaped=6 blocked_mutated=0 annotated=0
[CRS-STAT] StaticMutability: fn=_ZN4llvm13IRBuilderBase9CreateRetEPNS_5ValueE examined=6 blocked_escaped=6 blocked_mutated=0 annotated=0
[CRS-STAT] StaticMutability: fn=_ZN4llvm3orc17ThreadSafeContextD2Ev examined=1 blocked_escaped=0 blocked_mutated=1 annotated=0
[CRS-STAT] StaticMutability: fn=_ZN4llvm3orc16ThreadSafeModuleD2Ev examined=2 blocked_escaped=2 blocked_mutated=0 annotated=0
[CRS-STAT] StaticMutability: fn=_ZNSt3__110shared_ptrINS_7promiseIN23clangRuntimeSpecializer23ClangRuntimeSpecializer9JITResultEEEED2B8ne210108Ev examined=1 blocked_escaped=0 blocked_mutated=1 annotated=0
[CRS-STAT] StaticMutability: fn=_ZN4llvm9IRBuilderINS_14ConstantFolderENS_24IRBuilderDefaultInserterEED2Ev examined=2 blocked_escaped=1 blocked_mutated=1 annotated=0
[CRS-STAT] StaticMutability: fn=_ZNSt3__120__shared_ptr_emplaceIN4llvm3orc17ThreadSafeContext5StateENS_9allocatorIS4_EEE16__on_zero_sharedEv examined=1 blocked_escaped=0 blocked_mutated=1 annotated=0
[CRS-STAT] StaticMutability: fn=_ZNSt3__110shared_ptrIN4llvm3orc17ThreadSafeContext5StateEED2B8ne210108Ev examined=1 blocked_escaped=0 blocked_mutated=1 annotated=0
[CRS-STAT] StaticMutability: fn=_ZNSt3__112__hash_tableINS_17__hash_value_typeINS_12basic_stringIcNS_11char_traitsIcEENS_9allocatorIcEEEEmEENS_22__unordered_map_hasherIS7_NS_4pairIKS7_mEENS_4hashIS7_EENS_8equal_toIS7_EELb1EEENS_21__unordered_map_equalIS7_SC_SG_SE_Lb1EEENS5_ISC_EEE4findIS7_EENS_15__hash_iteratorIPNS_11__hash_nodeIS8_PvEEEERKT_ examined=6 blocked_escaped=0 blocked_mutated=0 annotated=6
[CRS-STAT] StaticMutability: fn=_ZNSt3__112__hash_tableINS_17__hash_value_typeINS_12basic_stringIcNS_11char_traitsIcEENS_9allocatorIcEEEEPvEENS_22__unordered_map_hasherIS7_NS_4pairIKS7_S8_EENS_4hashIS7_EENS_8equal_toIS7_EELb1EEENS_21__unordered_map_equalIS7_SD_SH_SF_Lb1EEENS5_ISD_EEE4findIS7_EENS_15__hash_iteratorIPNS_11__hash_nodeIS9_S8_EEEERKT_ examined=6 blocked_escaped=0 blocked_mutated=0 annotated=6
[CRS-STAT] StaticMutability: fn=_ZN23clangRuntimeSpecializer23ClangRuntimeSpecializer9printLLVMIPN4llvm5ValueEEENSt3__112basic_stringIcNS5_11char_traitsIcEENS5_9allocatorIcEEEET_ examined=3 blocked_escaped=3 blocked_mutated=0 annotated=0
[CRS-STAT] StaticMutability: fn=_ZN4llvm11raw_ostreamlsEPKc examined=3 blocked_escaped=3 blocked_mutated=0 annotated=0
[CRS-STAT] StaticMutability: fn=_ZN4llvm8CallInst6CreateEPNS_12FunctionTypeEPNS_5ValueENS_8ArrayRefIS4_EENS5_INS_17OperandBundleDefTIS4_EEEERKNS_5TwineENS_14InsertPositionE examined=3 blocked_escaped=1 blocked_mutated=0 annotated=2
[CRS-STAT] StaticMutability: fn=_ZN4llvm14FPMathOperator41isComposedOfHomogeneousFloatingPointTypesEPNS_4TypeE examined=3 blocked_escaped=3 blocked_mutated=0 annotated=0
[CRS-STAT] StaticMutability: fn=_ZNSt3__113__assoc_stateIN23clangRuntimeSpecializer23ClangRuntimeSpecializer9JITResultEE16__on_zero_sharedEv examined=1 blocked_escaped=1 blocked_mutated=0 annotated=0
[CRS-STAT] StaticMutability: fn=_ZNSt3__17promiseIN23clangRuntimeSpecializer23ClangRuntimeSpecializer9JITResultEED2Ev examined=3 blocked_escaped=0 blocked_mutated=3 annotated=0
[CRS-STAT] StaticMutability: fn=_ZZSt29__make_exception_ptr_explicitB8ne210108INSt3__112future_errorEESt13exception_ptrRT_ENUlPvE_8__invokeES5_ examined=1 blocked_escaped=1 blocked_mutated=0 annotated=0
[CRS-STAT] StaticMutability: fn=_ZN4llvm3orc17ThreadSafeContext13withContextDoIZNS0_16ThreadSafeModuleD1EvEUlPNS_11LLVMContextEE_EEDcOT_ examined=4 blocked_escaped=0 blocked_mutated=4 annotated=0
[CRS-STAT] StaticMutability: fn=_ZNSt3__110unique_ptrINS_15__thread_structENS_14default_deleteIS1_EEED2B8ne210108Ev examined=1 blocked_escaped=0 blocked_mutated=1 annotated=0
[CRS-STAT] StaticMutability: fn=_ZNSt3__17promiseIN23clangRuntimeSpecializer23ClangRuntimeSpecializer9JITResultEE9set_valueEOS3_ examined=1 blocked_escaped=0 blocked_mutated=0 annotated=1
[CRS-STAT] StaticMutability: fn=_ZNSt3__17promiseIN23clangRuntimeSpecializer23ClangRuntimeSpecializer9JITResultEE13set_exceptionESt13exception_ptr examined=1 blocked_escaped=0 blocked_mutated=0 annotated=1
[CRS-STAT] StaticMutability: fn=_ZNKSt3__117__assoc_sub_state10wait_untilB8ne210108INS_6chrono12steady_clockENS2_8durationIxNS_5ratioILl1ELl1000000000EEEEEEENS_13future_statusERKNS2_10time_pointIT_T0_EE examined=5 blocked_escaped=0 blocked_mutated=0 annotated=5
[CRS-STAT] StaticMutability: fn=_ZNSt3__113__assoc_stateIN23clangRuntimeSpecializer23ClangRuntimeSpecializer9JITResultEE4moveEv examined=1 blocked_escaped=1 blocked_mutated=0 annotated=0
[CRS-STAT] StaticMutability: fn=_ZN9benchmark8internal15LambdaBenchmarkIZN23clangRuntimeSpecializer24registerBudgetBenchmarksIPFiiENSt3__15tupleIJiEEEEEvRKNS6_12basic_stringIcNS6_11char_traitsIcEENS6_9allocatorIcEEEESG_T_T0_SI_EUlRNS_5StateEE_ED2Ev examined=1 blocked_escaped=1 blocked_mutated=0 annotated=0
[CRS-STAT] StaticMutability: fn=_ZN9benchmark8internal15LambdaBenchmarkIZN23clangRuntimeSpecializer24registerBudgetBenchmarksIPFiiENSt3__15tupleIJiEEEEEvRKNS6_12basic_stringIcNS6_11char_traitsIcEENS6_9allocatorIcEEEESG_T_T0_SI_EUlRNS_5StateEE_ED0Ev examined=1 blocked_escaped=1 blocked_mutated=0 annotated=0
[CRS-STAT] StaticMutability: fn=_ZZN23clangRuntimeSpecializer24registerBudgetBenchmarksIPFiiENSt3__15tupleIJiEEEEEvRKNS3_12basic_stringIcNS3_11char_traitsIcEENS3_9allocatorIcEEEESD_T_T0_SF_ENUlRN9benchmark5StateEE_clESI_ examined=6 blocked_escaped=2 blocked_mutated=4 annotated=0
[CRS-STAT] StaticMutability: fn=_ZNSt3__16__treeINS_12__value_typeINS_12basic_stringIcNS_11char_traitsIcEENS_9allocatorIcEEEEN9benchmark7CounterEEENS_19__map_value_compareIS7_NS_4pairIKS7_S9_EENS_4lessIS7_EELb1EEENS5_ISE_EEE25__emplace_unique_key_argsIS7_JRKNS_21piecewise_construct_tENS_5tupleIJOS7_EEENSO_IJEEEEEENSC_INS_15__tree_iteratorISA_PNS_11__tree_nodeISA_PvEElEEbEERKT_DpOT0_ examined=8 blocked_escaped=0 blocked_mutated=4 annotated=4
[CRS-STAT] StaticMutability: fn=_ZN9benchmark8internal15LambdaBenchmarkIZN23clangRuntimeSpecializer24registerBudgetBenchmarksIPFiiENSt3__15tupleIJiEEEEEvRKNS6_12basic_stringIcNS6_11char_traitsIcEENS6_9allocatorIcEEEESG_T_T0_SI_EUlRNS_5StateEE0_ED2Ev examined=1 blocked_escaped=1 blocked_mutated=0 annotated=0
[CRS-STAT] StaticMutability: fn=_ZN9benchmark8internal15LambdaBenchmarkIZN23clangRuntimeSpecializer24registerBudgetBenchmarksIPFiiENSt3__15tupleIJiEEEEEvRKNS6_12basic_stringIcNS6_11char_traitsIcEENS6_9allocatorIcEEEESG_T_T0_SI_EUlRNS_5StateEE0_ED0Ev examined=1 blocked_escaped=1 blocked_mutated=0 annotated=0
[CRS-STAT] StaticMutability: fn=_ZZN23clangRuntimeSpecializer24registerBudgetBenchmarksIPFiiENSt3__15tupleIJiEEEEEvRKNS3_12basic_stringIcNS3_11char_traitsIcEENS3_9allocatorIcEEEESD_T_T0_SF_ENUlRN9benchmark5StateEE0_clESI_ examined=12 blocked_escaped=7 blocked_mutated=5 annotated=0
[CRS-STAT] StaticMutability: fn=_ZN23clangRuntimeSpecializer6detail24resolveUCPipelineOptionsEN4llvm9StringRefERKNS_23ClangRuntimeSpecializer7OptionsE examined=3 blocked_escaped=0 blocked_mutated=0 annotated=3
[CRS-STAT] StaticMutability: fn=_ZNK4llvm9StringRef3strEv examined=2 blocked_escaped=0 blocked_mutated=0 annotated=2
[CRS-STAT] StaticMutability: fn=_ZNSt3__110unique_ptrIN23clangRuntimeSpecializer6detail20UCPipelineConfigDataENS_14default_deleteIS3_EEED2B8ne210108Ev examined=1 blocked_escaped=0 blocked_mutated=1 annotated=0
[CRS-STAT] StaticMutability: fn=_ZN4llvm9StringMapIN23clangRuntimeSpecializer23ClangRuntimeSpecializer7OptionsENS_15MallocAllocatorEED2Ev examined=4 blocked_escaped=0 blocked_mutated=0 annotated=4
[CRS-STAT] StaticMutability: fn=_ZNSt3__117__call_once_proxyB8ne210108INS_5tupleIJOZN23clangRuntimeSpecializer6detail28getUCPipelineConfigIfEnabledEvEUlvE_EEEEEvPv examined=1 blocked_escaped=0 blocked_mutated=0 annotated=1
[CRS-STAT] StaticMutability: fn=_ZNSt3__110unique_ptrIN23clangRuntimeSpecializer6detail20UCPipelineConfigDataENS_14default_deleteIS3_EEEaSB8ne210108EOS6_ examined=2 blocked_escaped=1 blocked_mutated=1 annotated=0
[CRS-STAT] StaticMutability: fn=_ZN4llvm8ExpectedINS_4json5ValueEED2Ev examined=2 blocked_escaped=2 blocked_mutated=0 annotated=0
[CRS-STAT] StaticMutability: fn=_ZN4llvm8cantFailENS_5ErrorEPKc examined=1 blocked_escaped=1 blocked_mutated=0 annotated=0
[CRS-STAT] StaticMutability: fn=_ZN4llvm12handleErrorsIJZNS_12consumeErrorENS_5ErrorEEUlRKNS_13ErrorInfoBaseEE_EEES1_S1_DpOT_ examined=1 blocked_escaped=0 blocked_mutated=1 annotated=0
[CRS-STAT] StaticMutability: fn=_ZN4llvmlsERNS_11raw_ostreamERKNS_5ErrorE examined=4 blocked_escaped=3 blocked_mutated=0 annotated=1
[CRS-STAT] StaticMutability: fn=_ZN4llvm9ErrorList4joinENS_5ErrorES1_ examined=12 blocked_escaped=0 blocked_mutated=12 annotated=0
[CRS-STAT] StaticMutability: fn=_ZNSt3__16vectorINS_10unique_ptrIN4llvm13ErrorInfoBaseENS_14default_deleteIS3_EEEENS_9allocatorIS6_EEE9push_backB8ne210108EOS6_ examined=5 blocked_escaped=0 blocked_mutated=5 annotated=0
[CRS-STAT] StaticMutability: fn=_ZNSt3__16vectorINS_10unique_ptrIN4llvm13ErrorInfoBaseENS_14default_deleteIS3_EEEENS_9allocatorIS6_EEE6insertENS_11__wrap_iterIPKS6_EEOS6_ examined=10 blocked_escaped=4 blocked_mutated=6 annotated=0
[CRS-STAT] StaticMutability: fn=_ZNSt3__114__split_bufferINS_10unique_ptrIN4llvm13ErrorInfoBaseENS_14default_deleteIS3_EEEERNS_9allocatorIS6_EEED2Ev examined=5 blocked_escaped=0 blocked_mutated=3 annotated=2
[CRS-STAT] StaticMutability: fn=_ZNSt3__114__split_bufferINS_10unique_ptrIN4llvm13ErrorInfoBaseENS_14default_deleteIS3_EEEERNS_9allocatorIS6_EEE12emplace_backIJS6_EEEvDpOT_ examined=7 blocked_escaped=0 blocked_mutated=7 annotated=0
[CRS-STAT] StaticMutability: fn=_ZNSt3__16vectorINS_10unique_ptrIN4llvm13ErrorInfoBaseENS_14default_deleteIS3_EEEENS_9allocatorIS6_EEED2B8ne210108Ev examined=4 blocked_escaped=0 blocked_mutated=3 annotated=1
[CRS-STAT] StaticMutability: fn=_ZNSt3__113unordered_setINS_12basic_stringIcNS_11char_traitsIcEENS_9allocatorIcEEEENS_4hashIS6_EENS_8equal_toIS6_EENS4_IS6_EEED2B8ne210108Ev examined=3 blocked_escaped=0 blocked_mutated=3 annotated=0
[CRS-STAT] StaticMutability: fn=_ZNSt3__112__hash_tableINS_12basic_stringIcNS_11char_traitsIcEENS_9allocatorIcEEEENS_4hashIS6_EENS_8equal_toIS6_EENS4_IS6_EEED2Ev examined=3 blocked_escaped=0 blocked_mutated=3 annotated=0
[CRS-STAT] StaticMutability: fn=_ZNSt3__112__hash_tableINS_12basic_stringIcNS_11char_traitsIcEENS_9allocatorIcEEEENS_4hashIS6_EENS_8equal_toIS6_EENS4_IS6_EEE25__emplace_unique_key_argsIS6_JRKS6_EEENS_4pairINS_15__hash_iteratorIPNS_11__hash_nodeIS6_PvEEEEbEERKT_DpOT0_ examined=17 blocked_escaped=11 blocked_mutated=0 annotated=6
[CRS-STAT] StaticMutability: fn=_ZNSt3__110unique_ptrINS_11__hash_nodeINS_12basic_stringIcNS_11char_traitsIcEENS_9allocatorIcEEEEPvEENS_22__hash_node_destructorINS5_IS9_EEEEED2B8ne210108Ev examined=2 blocked_escaped=0 blocked_mutated=2 annotated=0
[CRS-STAT] StaticMutability: fn=_ZNSt3__112__hash_tableINS_12basic_stringIcNS_11char_traitsIcEENS_9allocatorIcEEEENS_4hashIS6_EENS_8equal_toIS6_EENS4_IS6_EEE11__do_rehashILb1EEEvm examined=6 blocked_escaped=1 blocked_mutated=5 annotated=0
[CRS-STAT] StaticMutability: fn=_ZNKSt3__112__hash_tableINS_12basic_stringIcNS_11char_traitsIcEENS_9allocatorIcEEEENS_4hashIS6_EENS_8equal_toIS6_EENS4_IS6_EEE4findIS6_EENS_21__hash_const_iteratorIPNS_11__hash_nodeIS6_PvEEEERKT_ examined=6 blocked_escaped=0 blocked_mutated=0 annotated=6
[CRS-STAT] StaticMutability: fn=_ZN4llvm9StringMapIN23clangRuntimeSpecializer23ClangRuntimeSpecializer7OptionsENS_15MallocAllocatorEE21try_emplace_with_hashIJEEENSt3__14pairINS_17StringMapIteratorIS3_EEbEENS_9StringRefEjDpOT_ examined=6 blocked_escaped=6 blocked_mutated=0 annotated=0
[CRS-STAT] StaticMutability: fn=_ZN23clangRuntimeSpecializer23ClangRuntimeSpecializer22specializeOnlyResolvedIiFiiEJRiEEENS_19SpecializedFunctionIT_EEPKcPT0_RKNS0_7OptionsEDpOT1_ examined=1 blocked_escaped=1 blocked_mutated=0 annotated=0
[CRS-STAT] StaticMutability: fn=_ZN23clangRuntimeSpecializer23ClangRuntimeSpecializer18specializeOnlyImplIJRiEEENS0_9JITResultEPKcRKNS0_7OptionsEDpOT_ examined=12 blocked_escaped=5 blocked_mutated=7 annotated=0
[CRS-STAT] StaticMutability: fn=_ZNSt3__16threadC2B8ne210108IZN23clangRuntimeSpecializer23ClangRuntimeSpecializer18specializeOnlyImplIJRiEEENS3_9JITResultEPKcRKNS3_7OptionsEDpOT_EUlvE_JETnNS_9enable_ifIXntsr7is_sameIu14__remove_cvrefIT_ES0_EE5valueEiE4typeELi0EEEOSH_DpOT0_ examined=3 blocked_escaped=0 blocked_mutated=3 annotated=0
[CRS-STAT] StaticMutability: fn=_ZZN23clangRuntimeSpecializer23ClangRuntimeSpecializer18specializeOnlyImplIJRiEEENS0_9JITResultEPKcRKNS0_7OptionsEDpOT_ENUlvE_D2Ev examined=9 blocked_escaped=1 blocked_mutated=8 annotated=0
[CRS-STAT] StaticMutability: fn=_ZZN23clangRuntimeSpecializer23ClangRuntimeSpecializer22serializeArgumentsToIRIJRiEEENSt3__16vectorIPN4llvm5ValueENS3_9allocatorIS7_EEEERNS5_9IRBuilderINS5_14ConstantFolderENS5_24IRBuilderDefaultInserterEEEDpOT_ENKUlOT_E_clIS2_EEDaSK_ examined=3 blocked_escaped=0 blocked_mutated=0 annotated=3
[CRS-STAT] StaticMutability: fn=_ZN23clangRuntimeSpecializer23ClangRuntimeSpecializer21serializeArgumentToIRIRiEEPN4llvm5ValueERNS3_9IRBuilderINS3_14ConstantFolderENS3_24IRBuilderDefaultInserterEEEOT_ examined=2 blocked_escaped=0 blocked_mutated=0 annotated=2
[CRS-STAT] StaticMutability: fn=_ZNSt3__114__thread_proxyB8ne210108INS_5tupleIJNS_10unique_ptrINS_15__thread_structENS_14default_deleteIS3_EEEEZN23clangRuntimeSpecializer23ClangRuntimeSpecializer18specializeOnlyImplIJRiEEENS8_9JITResultEPKcRKNS8_7OptionsEDpOT_EUlvE_EEEEEPvSM_ examined=2 blocked_escaped=2 blocked_mutated=0 annotated=0
[CRS-STAT] StaticMutability: fn=_ZNSt3__110unique_ptrINS_5tupleIJNS0_INS_15__thread_structENS_14default_deleteIS2_EEEEZN23clangRuntimeSpecializer23ClangRuntimeSpecializer18specializeOnlyImplIJRiEEENS7_9JITResultEPKcRKNS7_7OptionsEDpOT_EUlvE_EEENS3_ISK_EEED2B8ne210108Ev examined=1 blocked_escaped=0 blocked_mutated=1 annotated=0
[CRS-STAT] StaticMutability: fn=_ZZN23clangRuntimeSpecializer23ClangRuntimeSpecializer18specializeOnlyImplIJRiEEENS0_9JITResultEPKcRKNS0_7OptionsEDpOT_ENUlvE_clEv examined=5 blocked_escaped=0 blocked_mutated=5 annotated=0
[CRS-STAT] StaticMutability: fn=_ZN9benchmark8internal15LambdaBenchmarkIZN23clangRuntimeSpecializer24registerBudgetBenchmarksIPFiiENSt3__15tupleIJiEEEEEvRKNS6_12basic_stringIcNS6_11char_traitsIcEENS6_9allocatorIcEEEESG_T_T0_SI_EUlRNS_5StateEE1_ED2Ev examined=1 blocked_escaped=1 blocked_mutated=0 annotated=0
[CRS-STAT] StaticMutability: fn=_ZN9benchmark8internal15LambdaBenchmarkIZN23clangRuntimeSpecializer24registerBudgetBenchmarksIPFiiENSt3__15tupleIJiEEEEEvRKNS6_12basic_stringIcNS6_11char_traitsIcEENS6_9allocatorIcEEEESG_T_T0_SI_EUlRNS_5StateEE1_ED0Ev examined=1 blocked_escaped=1 blocked_mutated=0 annotated=0
[CRS-STAT] StaticMutability: fn=_ZZN23clangRuntimeSpecializer24registerBudgetBenchmarksIPFiiENSt3__15tupleIJiEEEEEvRKNS3_12basic_stringIcNS3_11char_traitsIcEENS3_9allocatorIcEEEESD_T_T0_SF_ENUlRN9benchmark5StateEE1_clESI_ examined=12 blocked_escaped=7 blocked_mutated=5 annotated=0
[CRS-STAT] SCCP: module=RuntimeSpecializeableIR invariant_load_total=76 folded_to_constant=0
[CRS-STAT] ArgLattice: fn=sqlite3VdbeExec in_module=0
[CRS-STAT] ModuleStores: stores_to_arg_derived=191 loads_from_arg_derived=300
JIT session error: Symbols not found: [ _ZN9benchmark5State16StartKeepRunningEv, _ZTIN9benchmark8internal9BenchmarkE, _ZN9benchmark8internal9BenchmarkD2Ev, _ZN9benchmark5State17FinishKeepRunningEv, _ZN9benchmark5State16SetIterationTimeEd ]
terminate called after throwing an instance of 'clangRuntimeSpecializer::ClangRuntimeSpecializerError'
timeout: the monitored command dumped core
